<html>
<body>
<pre>
<h1>µVision Build Log</h1>
<h2>Tool Versions:</h2>
IDE-Version: ¦ÌVision V5.24.2.0
Copyright (C) 2017 ARM Ltd and ARM Germany GmbH. All rights reserved.
License Information: 1 beizhu, 1, LIC=W96CK-ZWTJM-AWN2F-6BWSP-QS64J-SQY62
 
Tool Versions:
Toolchain:       MDK-ARM Professional  Version: 5.24.1
Toolchain Path:  D:\Keil_v5\ARM\ARMCC\Bin
C Compiler:      Armcc.exe V5.06 update 5 (build 528)
Assembler:       Armasm.exe V5.06 update 5 (build 528)
Linker/Locator:  ArmLink.exe V5.06 update 5 (build 528)
Library Manager: ArmAr.exe V5.06 update 5 (build 528)
Hex Converter:   FromElf.exe V5.06 update 5 (build 528)
CPU DLL:         SARMCM3.DLL V5.24.1
Dialog DLL:      DCM.DLL V1.16.0.0
Target DLL:      CMSIS_AGDI.dll V1.28.3.0
Dialog DLL:      TCM.DLL V1.32.0.0
 
<h2>Project:</h2>
C:\Users\beizhu\Desktop\my_owner\test\e-paper\MDK-ARM\test.uvprojx
Project File Date:  04/27/2025

<h2>Output:</h2>
*** Using Compiler 'V5.06 update 5 (build 528)', folder: 'D:\Keil_v5\ARM\ARMCC\Bin'
Rebuild target 'test'
assembling startup_stm32f103xb.s...
compiling gpio.c...
compiling stm32f1xx_hal_gpio_ex.c...
compiling stm32f1xx_hal.c...
compiling usart.c...
compiling stm32f1xx_hal_msp.c...
compiling stm32f1xx_it.c...
compiling tim.c...
compiling stm32f1xx_hal_gpio.c...
compiling spi.c...
compiling stm32f1xx_hal_rcc_ex.c...
compiling main.c...
compiling stm32f1xx_hal_dma.c...
compiling stm32f1xx_hal_rcc.c...
compiling stm32f1xx_hal_spi.c...
compiling font8.c...
compiling font12.c...
compiling font12CN.c...
compiling font16.c...
compiling font20.c...
compiling font24.c...
compiling font24CN.c...
compiling font48.c...
compiling ImageData.c...
compiling ImageData2.c...
compiling stm32f1xx_hal_cortex.c...
compiling stm32f1xx_hal_pwr.c...
compiling stm32f1xx_hal_exti.c...
compiling stm32f1xx_hal_flash_ex.c...
compiling stm32f1xx_hal_flash.c...
compiling system_stm32f1xx.c...
compiling stm32f1xx_hal_uart.c...
compiling DEV_Config.c...
compiling GUI_Paint.c...
compiling stm32f1xx_hal_tim_ex.c...
compiling EPD_use.c...
compiling driver_dht11.c...
compiling EPD_2in9.c...
compiling stm32f1xx_hal_tim.c...
linking...
Program Size: Code=13204 RO-data=21300 RW-data=696 ZI-data=19080  
FromELF: creating hex file...
"test\test.axf" - 0 Error(s), 0 Warning(s).

<h2>Software Packages used:</h2>

Package Vendor: ARM
                http://www.keil.com/pack/ARM.CMSIS.5.0.1.pack
                ARM.CMSIS.5.0.1
                CMSIS (Cortex Microcontroller Software Interface Standard)
   * Component: CORE Version: 5.0.1

Package Vendor: Keil
                http://www.keil.com/pack/Keil.STM32F1xx_DFP.2.2.0.pack
                Keil.STM32F1xx_DFP.2.2.0
                STMicroelectronics STM32F1 Series Device Support, Drivers and Examples

<h2>Collection of Component include folders:</h2>
  .\RTE\_test
  D:\Keil_v5\ARM\PACK\ARM\CMSIS\5.0.1\CMSIS\Include
  D:\Keil_v5\ARM\PACK\Keil\STM32F1xx_DFP\2.2.0\Device\Include

<h2>Collection of Component Files used:</h2>

   * Component: ARM::CMSIS:CORE:5.0.1
Build Time Elapsed:  00:00:07
</pre>
</body>
</html>
