Component: ARM Compiler 5.06 update 5 (build 528) Tool: armlink [4d35e2]

==============================================================================

Section Cross References

    startup_stm32f103xb.o(RESET) refers to startup_stm32f103xb.o(STACK) for __initial_sp
    startup_stm32f103xb.o(RESET) refers to startup_stm32f103xb.o(.text) for Reset_Handler
    startup_stm32f103xb.o(RESET) refers to stm32f1xx_it.o(i.NMI_Handler) for NMI_Handler
    startup_stm32f103xb.o(RESET) refers to stm32f1xx_it.o(i.HardFault_Handler) for HardFault_Handler
    startup_stm32f103xb.o(RESET) refers to stm32f1xx_it.o(i.MemManage_Handler) for MemManage_Handler
    startup_stm32f103xb.o(RESET) refers to stm32f1xx_it.o(i.BusFault_Handler) for BusFault_Handler
    startup_stm32f103xb.o(RESET) refers to stm32f1xx_it.o(i.UsageFault_Handler) for UsageFault_Handler
    startup_stm32f103xb.o(RESET) refers to stm32f1xx_it.o(i.SVC_Handler) for SVC_Handler
    startup_stm32f103xb.o(RESET) refers to stm32f1xx_it.o(i.DebugMon_Handler) for DebugMon_Handler
    startup_stm32f103xb.o(RESET) refers to stm32f1xx_it.o(i.PendSV_Handler) for PendSV_Handler
    startup_stm32f103xb.o(RESET) refers to stm32f1xx_it.o(i.SysTick_Handler) for SysTick_Handler
    startup_stm32f103xb.o(RESET) refers to stm32f1xx_it.o(i.TIM4_IRQHandler) for TIM4_IRQHandler
    startup_stm32f103xb.o(RESET) refers to stm32f1xx_it.o(i.USART1_IRQHandler) for USART1_IRQHandler
    startup_stm32f103xb.o(.text) refers to system_stm32f1xx.o(i.SystemInit) for SystemInit
    startup_stm32f103xb.o(.text) refers to entry.o(.ARM.Collect$$$$00000000) for __main
    main.o(i.E_test) refers to main.o(i.Paint_DrawBitMapXY) for Paint_DrawBitMapXY
    main.o(i.E_test) refers to stm32f1xx_hal.o(i.HAL_Delay) for HAL_Delay
    main.o(i.E_test) refers to epd_2in9_1.o(i.EPD_2IN9_Display) for EPD_2IN9_Display
    main.o(i.E_test) refers to main.o(.data) for .data
    main.o(i.E_test) refers to epd_use.o(.data) for BlackImage
    main.o(i.Get_time) refers to printf3.o(i.__0printf$3) for __2printf
    main.o(i.Get_time) refers to stm32f1xx_hal.o(i.HAL_Delay) for HAL_Delay
    main.o(i.Get_time) refers to stm32f1xx_hal_uart.o(i.HAL_UART_Receive_IT) for HAL_UART_Receive_IT
    main.o(i.Get_time) refers to stm32f1xx_hal_uart.o(i.HAL_UART_AbortReceive_IT) for HAL_UART_AbortReceive_IT
    main.o(i.Get_time) refers to main.o(.bss) for .bss
    main.o(i.Get_time) refers to usart.o(.bss) for huart1
    main.o(i.HAL_TIM_PeriodElapsedCallback) refers to main.o(.data) for .data
    main.o(i.MY_EPD_test) refers to dev_config.o(i.DEV_Module_Init) for DEV_Module_Init
    main.o(i.MY_EPD_test) refers to epd_2in9_1.o(i.EPD_2IN9_Init) for EPD_2IN9_Init
    main.o(i.MY_EPD_test) refers to epd_2in9_1.o(i.EPD_2IN9_Clear) for EPD_2IN9_Clear
    main.o(i.MY_EPD_test) refers to gui_paint.o(i.Paint_NewImage) for Paint_NewImage
    main.o(i.MY_EPD_test) refers to gui_paint.o(i.Paint_SelectImage) for Paint_SelectImage
    main.o(i.MY_EPD_test) refers to gui_paint.o(i.Paint_Clear) for Paint_Clear
    main.o(i.MY_EPD_test) refers to gui_paint.o(i.Paint_DrawLine) for Paint_DrawLine
    main.o(i.MY_EPD_test) refers to stm32f1xx_hal.o(i.HAL_Delay) for HAL_Delay
    main.o(i.MY_EPD_test) refers to epd_2in9_1.o(i.EPD_2IN9_Display) for EPD_2IN9_Display
    main.o(i.MY_EPD_test) refers to main.o(i.Paint_DrawBitMapXY) for Paint_DrawBitMapXY
    main.o(i.MY_EPD_test) refers to epd_use.o(.data) for BlackImage
    main.o(i.MY_EPD_test) refers to main.o(.data) for .data
    main.o(i.Paint_DrawBitMapXY) refers to gui_paint.o(i.Paint_SetPixel) for Paint_SetPixel
    main.o(i.SystemClock_Config) refers to memseta.o(.text) for __aeabi_memclr4
    main.o(i.SystemClock_Config) refers to stm32f1xx_hal_rcc.o(i.HAL_RCC_OscConfig) for HAL_RCC_OscConfig
    main.o(i.SystemClock_Config) refers to stm32f1xx_hal_rcc.o(i.HAL_RCC_ClockConfig) for HAL_RCC_ClockConfig
    main.o(i.clear) refers to gui_paint.o(i.Paint_SetPixel) for Paint_SetPixel
    main.o(i.clear_rxBuffer) refers to memseta.o(.text) for __aeabi_memclr
    main.o(i.clear_rxBuffer) refers to printf3.o(i.__0printf$3) for __2printf
    main.o(i.clear_rxBuffer) refers to main.o(.bss) for .bss
    main.o(i.clear_rxBuffer) refers to main.o(.data) for .data
    main.o(i.extractText) refers to strstr.o(.text) for strstr
    main.o(i.extractText) refers to strlen.o(.text) for strlen
    main.o(i.extractText) refers to strchr.o(.text) for strchr
    main.o(i.extractText) refers to strncpy.o(.text) for strncpy
    main.o(i.extractText) refers to printf3.o(i.__0printf$3) for __2printf
    main.o(i.extractText) refers to main.o(.bss) for .bss
    main.o(i.extract_date_from_http) refers to strstr.o(.text) for strstr
    main.o(i.extract_date_from_http) refers to strlen.o(.text) for strlen
    main.o(i.extract_date_from_http) refers to strchr.o(.text) for strchr
    main.o(i.extract_date_from_http) refers to strncpy.o(.text) for strncpy
[...]
    Removing stm32f1xx_hal_tim_ex.o(i.HAL_TIMEx_OnePulseN_Stop_IT), (176 bytes).
    Removing stm32f1xx_hal_tim_ex.o(i.HAL_TIMEx_PWMN_Start), (152 bytes).
    Removing stm32f1xx_hal_tim_ex.o(i.HAL_TIMEx_PWMN_Start_DMA), (336 bytes).
    Removing stm32f1xx_hal_tim_ex.o(i.HAL_TIMEx_PWMN_Start_IT), (188 bytes).
    Removing stm32f1xx_hal_tim_ex.o(i.HAL_TIMEx_PWMN_Stop), (104 bytes).
    Removing stm32f1xx_hal_tim_ex.o(i.HAL_TIMEx_PWMN_Stop_DMA), (158 bytes).
    Removing stm32f1xx_hal_tim_ex.o(i.HAL_TIMEx_PWMN_Stop_IT), (160 bytes).
    Removing stm32f1xx_hal_tim_ex.o(i.HAL_TIMEx_RemapConfig), (4 bytes).
    Removing stm32f1xx_hal_tim_ex.o(i.TIMEx_DMACommutationCplt), (16 bytes).
    Removing stm32f1xx_hal_tim_ex.o(i.TIMEx_DMACommutationHalfCplt), (16 bytes).
    Removing stm32f1xx_hal_tim_ex.o(i.TIM_CCxNChannelCmd), (26 bytes).
    Removing stm32f1xx_hal_tim_ex.o(i.TIM_DMADelayPulseNCplt), (94 bytes).
    Removing stm32f1xx_hal_tim_ex.o(i.TIM_DMAErrorCCxN), (62 bytes).
    Removing stm32f1xx_hal_uart.o(.rev16_text), (4 bytes).
    Removing stm32f1xx_hal_uart.o(.revsh_text), (4 bytes).
    Removing stm32f1xx_hal_uart.o(.rrx_text), (6 bytes).
    Removing stm32f1xx_hal_uart.o(i.HAL_HalfDuplex_EnableReceiver), (50 bytes).
    Removing stm32f1xx_hal_uart.o(i.HAL_HalfDuplex_EnableTransmitter), (50 bytes).
    Removing stm32f1xx_hal_uart.o(i.HAL_HalfDuplex_Init), (108 bytes).
    Removing stm32f1xx_hal_uart.o(i.HAL_LIN_Init), (128 bytes).
    Removing stm32f1xx_hal_uart.o(i.HAL_LIN_SendBreak), (46 bytes).
    Removing stm32f1xx_hal_uart.o(i.HAL_MultiProcessor_EnterMuteMode), (46 bytes).
    Removing stm32f1xx_hal_uart.o(i.HAL_MultiProcessor_ExitMuteMode), (46 bytes).
    Removing stm32f1xx_hal_uart.o(i.HAL_MultiProcessor_Init), (142 bytes).
    Removing stm32f1xx_hal_uart.o(i.HAL_UART_Abort), (138 bytes).
    Removing stm32f1xx_hal_uart.o(i.HAL_UART_AbortCpltCallback), (2 bytes).
    Removing stm32f1xx_hal_uart.o(i.HAL_UART_AbortReceive), (88 bytes).
    Removing stm32f1xx_hal_uart.o(i.HAL_UART_AbortTransmit), (78 bytes).
    Removing stm32f1xx_hal_uart.o(i.HAL_UART_AbortTransmitCpltCallback), (2 bytes).
    Removing stm32f1xx_hal_uart.o(i.HAL_UART_AbortTransmit_IT), (84 bytes).
    Removing stm32f1xx_hal_uart.o(i.HAL_UART_Abort_IT), (172 bytes).
    Removing stm32f1xx_hal_uart.o(i.HAL_UART_DMAPause), (102 bytes).
    Removing stm32f1xx_hal_uart.o(i.HAL_UART_DMAResume), (94 bytes).
    Removing stm32f1xx_hal_uart.o(i.HAL_UART_DMAStop), (88 bytes).
    Removing stm32f1xx_hal_uart.o(i.HAL_UART_DeInit), (50 bytes).
    Removing stm32f1xx_hal_uart.o(i.HAL_UART_ErrorCallback), (2 bytes).
    Removing stm32f1xx_hal_uart.o(i.HAL_UART_GetError), (4 bytes).
    Removing stm32f1xx_hal_uart.o(i.HAL_UART_GetState), (10 bytes).
    Removing stm32f1xx_hal_uart.o(i.HAL_UART_IRQHandler), (348 bytes).
    Removing stm32f1xx_hal_uart.o(i.HAL_UART_MspDeInit), (2 bytes).
    Removing stm32f1xx_hal_uart.o(i.HAL_UART_MspInit), (2 bytes).
    Removing stm32f1xx_hal_uart.o(i.HAL_UART_Receive), (188 bytes).
    Removing stm32f1xx_hal_uart.o(i.HAL_UART_Receive_DMA), (152 bytes).
    Removing stm32f1xx_hal_uart.o(i.HAL_UART_RxCpltCallback), (2 bytes).
    Removing stm32f1xx_hal_uart.o(i.HAL_UART_RxHalfCpltCallback), (2 bytes).
    Removing stm32f1xx_hal_uart.o(i.HAL_UART_Transmit_DMA), (128 bytes).
    Removing stm32f1xx_hal_uart.o(i.HAL_UART_Transmit_IT), (62 bytes).
    Removing stm32f1xx_hal_uart.o(i.HAL_UART_TxCpltCallback), (2 bytes).
    Removing stm32f1xx_hal_uart.o(i.HAL_UART_TxHalfCpltCallback), (2 bytes).
    Removing stm32f1xx_hal_uart.o(i.UART_DMAAbortOnError), (16 bytes).
    Removing stm32f1xx_hal_uart.o(i.UART_DMAError), (74 bytes).
    Removing stm32f1xx_hal_uart.o(i.UART_DMAReceiveCplt), (60 bytes).
    Removing stm32f1xx_hal_uart.o(i.UART_DMARxAbortCallback), (42 bytes).
    Removing stm32f1xx_hal_uart.o(i.UART_DMARxHalfCplt), (10 bytes).
    Removing stm32f1xx_hal_uart.o(i.UART_DMATransmitCplt), (46 bytes).
    Removing stm32f1xx_hal_uart.o(i.UART_DMATxAbortCallback), (42 bytes).
    Removing stm32f1xx_hal_uart.o(i.UART_DMATxHalfCplt), (10 bytes).
    Removing stm32f1xx_hal_uart.o(i.UART_DMATxOnlyAbortCallback), (20 bytes).
    Removing stm32f1xx_hal_uart.o(i.UART_EndRxTransfer), (28 bytes).
    Removing stm32f1xx_hal_uart.o(i.UART_EndTxTransfer), (18 bytes).
    Removing stm32f1xx_hal_uart.o(i.UART_Receive_IT), (140 bytes).
    Removing system_stm32f1xx.o(.rev16_text), (4 bytes).
    Removing system_stm32f1xx.o(.revsh_text), (4 bytes).
    Removing system_stm32f1xx.o(.rrx_text), (6 bytes).
    Removing system_stm32f1xx.o(i.SystemCoreClockUpdate), (104 bytes).
    Removing gui_paint.o(.rev16_text), (4 bytes).
    Removing gui_paint.o(.revsh_text), (4 bytes).
    Removing gui_paint.o(.rrx_text), (6 bytes).
    Removing gui_paint.o(i.Paint_ClearWindows), (52 bytes).
    Removing gui_paint.o(i.Paint_DrawBitMap), (48 bytes).
    Removing gui_paint.o(i.Paint_DrawBitMap_Block), (60 bytes).
    Removing gui_paint.o(i.Paint_DrawBitMap_Paste), (110 bytes).
    Removing gui_paint.o(i.Paint_DrawCircle), (540 bytes).
    Removing gui_paint.o(i.Paint_DrawNumDecimals), (332 bytes).
    Removing gui_paint.o(i.Paint_DrawRectangle), (224 bytes).
    Removing gui_paint.o(i.Paint_SetMirroring), (124 bytes).
    Removing gui_paint.o(i.Paint_SetRotate), (116 bytes).
    Removing gui_paint.o(i.Paint_SetScale), (164 bytes).
    Removing font8.o(.constdata), (760 bytes).
    Removing font8.o(.data), (8 bytes).
    Removing font12.o(.constdata), (1140 bytes).
    Removing font12.o(.data), (8 bytes).
    Removing font24cn.o(.constdata), (4482 bytes).
    Removing font24cn.o(.data), (12 bytes).
    Removing dev_config.o(.rev16_text), (4 bytes).
    Removing dev_config.o(.revsh_text), (4 bytes).
    Removing dev_config.o(.rrx_text), (6 bytes).
    Removing dev_config.o(i.DEV_Module_Exit), (52 bytes).
    Removing imagedata.o(.constdata), (4736 bytes).
    Removing epd_use.o(.rev16_text), (4 bytes).
    Removing epd_use.o(.revsh_text), (4 bytes).
    Removing epd_use.o(.rrx_text), (6 bytes).
    Removing epd_2in9_1.o(.rev16_text), (4 bytes).
    Removing epd_2in9_1.o(.revsh_text), (4 bytes).
    Removing epd_2in9_1.o(.rrx_text), (6 bytes).
    Removing epd_2in9_1.o(i.EPD_2IN9_Sleep), (18 bytes).
    Removing driver_dht11.o(.rev16_text), (4 bytes).
    Removing driver_dht11.o(.revsh_text), (4 bytes).
    Removing driver_dht11.o(.rrx_text), (6 bytes).
    Removing fmul.o(.text), (100 bytes).
    Removing dadd.o(.text), (334 bytes).
    Removing dflti.o(.text), (34 bytes).
    Removing ffixi.o(.text), (50 bytes).
    Removing dfixi.o(.text), (62 bytes).
    Removing d2f.o(.text), (56 bytes).
    Removing fepilogue.o(.text), (110 bytes).
    Removing depilogue.o(.text), (186 bytes).
    Removing dmul.o(.text), (228 bytes).
    Removing ddiv.o(.text), (222 bytes).
    Removing dfixul.o(.text), (48 bytes).
    Removing cdrcmple.o(.text), (48 bytes).

480 unused section(s) (total 45602 bytes) removed from the image.

==============================================================================

Image Symbol Table

    Local Symbols

    Symbol Name                              Value     Ov Type        Size  Object(Section)

    ../Drivers/STM32F1xx_HAL_Driver/Src/stm32f1xx_hal.c 0x00000000   Number         0  stm32f1xx_hal.o ABSOLUTE
    ../Drivers/STM32F1xx_HAL_Driver/Src/stm32f1xx_hal_cortex.c 0x00000000   Number         0  stm32f1xx_hal_cortex.o ABSOLUTE
    ../Drivers/STM32F1xx_HAL_Driver/Src/stm32f1xx_hal_dma.c 0x00000000   Number         0  stm32f1xx_hal_dma.o ABSOLUTE
    ../Drivers/STM32F1xx_HAL_Driver/Src/stm32f1xx_hal_exti.c 0x00000000   Number         0  stm32f1xx_hal_exti.o ABSOLUTE
    ../Drivers/STM32F1xx_HAL_Driver/Src/stm32f1xx_hal_flash.c 0x00000000   Number         0  stm32f1xx_hal_flash.o ABSOLUTE
    ../Drivers/STM32F1xx_HAL_Driver/Src/stm32f1xx_hal_flash_ex.c 0x00000000   Number         0  stm32f1xx_hal_flash_ex.o ABSOLUTE
    ../Drivers/STM32F1xx_HAL_Driver/Src/stm32f1xx_hal_gpio.c 0x00000000   Number         0  stm32f1xx_hal_gpio.o ABSOLUTE
    ../Drivers/STM32F1xx_HAL_Driver/Src/stm32f1xx_hal_gpio_ex.c 0x00000000   Number         0  stm32f1xx_hal_gpio_ex.o ABSOLUTE
    ../Drivers/STM32F1xx_HAL_Driver/Src/stm32f1xx_hal_pwr.c 0x00000000   Number         0  stm32f1xx_hal_pwr.o ABSOLUTE
    ../Drivers/STM32F1xx_HAL_Driver/Src/stm32f1xx_hal_rcc.c 0x00000000   Number         0  stm32f1xx_hal_rcc.o ABSOLUTE
    ../Drivers/STM32F1xx_HAL_Driver/Src/stm32f1xx_hal_rcc_ex.c 0x00000000   Number         0  stm32f1xx_hal_rcc_ex.o ABSOLUTE
    ../Drivers/STM32F1xx_HAL_Driver/Src/stm32f1xx_hal_spi.c 0x00000000   Number         0  stm32f1xx_hal_spi.o ABSOLUTE
    ../Drivers/STM32F1xx_HAL_Driver/Src/stm32f1xx_hal_tim.c 0x00000000   Number         0  stm32f1xx_hal_tim.o ABSOLUTE
    ../Drivers/STM32F1xx_HAL_Driver/Src/stm32f1xx_hal_tim_ex.c 0x00000000   Number         0  stm32f1xx_hal_tim_ex.o ABSOLUTE
    ../Drivers/STM32F1xx_HAL_Driver/Src/stm32f1xx_hal_uart.c 0x00000000   Number         0  stm32f1xx_hal_uart.o ABSOLUTE
    ../Src/gpio.c                            0x00000000   Number         0  gpio.o ABSOLUTE
    ../Src/main.c                            0x00000000   Number         0  main.o ABSOLUTE
    ../Src/spi.c                             0x00000000   Number         0  spi.o ABSOLUTE
    ../Src/stm32f1xx_hal_msp.c               0x00000000   Number         0  stm32f1xx_hal_msp.o ABSOLUTE
    ../Src/stm32f1xx_it.c                    0x00000000   Number         0  stm32f1xx_it.o ABSOLUTE
    ../Src/system_stm32f1xx.c                0x00000000   Number         0  system_stm32f1xx.o ABSOLUTE
    ../Src/tim.c                             0x00000000   Number         0  tim.o ABSOLUTE
    ../Src/usart.c                           0x00000000   Number         0  usart.o ABSOLUTE
    ../clib/../cmprslib/zerorunl2.c          0x00000000   Number         0  __dczerorl2.o ABSOLUTE
    ../clib/microlib/division.c              0x00000000   Number         0  uldiv.o ABSOLUTE
    ../clib/microlib/division.c              0x00000000   Number         0  uidiv.o ABSOLUTE
    ../clib/microlib/init/entry.s            0x00000000   Number         0  entry11a.o ABSOLUTE
    ../clib/microlib/init/entry.s            0x00000000   Number         0  entry8b.o ABSOLUTE
    ../clib/microlib/init/entry.s            0x00000000   Number         0  entry7b.o ABSOLUTE
    ../clib/microlib/init/entry.s            0x00000000   Number         0  entry5.o ABSOLUTE
    ../clib/microlib/init/entry.s            0x00000000   Number         0  entry2.o ABSOLUTE
    ../clib/microlib/init/entry.s            0x00000000   Number         0  entry7a.o ABSOLUTE
    ../clib/microlib/init/entry.s            0x00000000   Number         0  entry11b.o ABSOLUTE
    ../clib/microlib/init/entry.s            0x00000000   Number         0  entry.o ABSOLUTE
    ../clib/microlib/init/entry.s            0x00000000   Number         0  entry8a.o ABSOLUTE
    ../clib/microlib/init/entry.s            0x00000000   Number         0  entry10b.o ABSOLUTE
    ../clib/microlib/init/entry.s            0x00000000   Number         0  entry10a.o ABSOLUTE
    ../clib/microlib/init/entry.s            0x00000000   Number         0  entry9b.o ABSOLUTE
    ../clib/microlib/init/entry.s            0x00000000   Number         0  entry9a.o ABSOLUTE
    ../clib/microlib/longlong.c              0x00000000   Number         0  llsshr.o ABSOLUTE
    ../clib/microlib/longlong.c              0x00000000   Number         0  llshl.o ABSOLUTE
    ../clib/microlib/longlong.c              0x00000000   Number         0  llushr.o ABSOLUTE
    ../clib/microlib/malloc/malloc.c         0x00000000   Number         0  mallocr.o ABSOLUTE
    ../clib/microlib/malloc/malloc.c         0x00000000   Number         0  mallocra.o ABSOLUTE
    ../clib/microlib/malloc/malloc.c         0x00000000   Number         0  malloc.o ABSOLUTE
    ../clib/microlib/malloc/malloc.c         0x00000000   Number         0  malloca.o ABSOLUTE
    ../clib/microlib/malloc/mvars.c          0x00000000   Number         0  mvars.o ABSOLUTE
    ../clib/microlib/printf/printf.c         0x00000000   Number         0  printf4.o ABSOLUTE
    ../clib/microlib/printf/printf.c         0x00000000   Number         0  printf3.o ABSOLUTE
    ../clib/microlib/printf/printf.c         0x00000000   Number         0  printf2.o ABSOLUTE
    ../clib/microlib/printf/printf.c         0x00000000   Number         0  printf1.o ABSOLUTE
    ../clib/microlib/printf/printf.c         0x00000000   Number         0  printf0.o ABSOLUTE
    ../clib/microlib/printf/printf.c         0x00000000   Number         0  printfb.o ABSOLUTE
    ../clib/microlib/printf/printf.c         0x00000000   Number         0  printfa.o ABSOLUTE
    ../clib/microlib/printf/printf.c         0x00000000   Number         0  printf8.o ABSOLUTE
    ../clib/microlib/printf/printf.c         0x00000000   Number         0  printf7.o ABSOLUTE
    ../clib/microlib/printf/printf.c         0x00000000   Number         0  printf6.o ABSOLUTE
    ../clib/microlib/printf/printf.c         0x00000000   Number         0  printf5.o ABSOLUTE
    ../clib/microlib/printf/stubs.s          0x00000000   Number         0  stubs.o ABSOLUTE
    ../clib/microlib/stdio/streams.c         0x00000000   Number         0  stdout.o ABSOLUTE
    ../clib/microlib/string/memcpy.c         0x00000000   Number         0  memcpya.o ABSOLUTE
    ../clib/microlib/string/memcpy.c         0x00000000   Number         0  memcpyb.o ABSOLUTE
    ../clib/microlib/string/memset.c         0x00000000   Number         0  memseta.o ABSOLUTE
    ../clib/microlib/string/strchr.c         0x00000000   Number         0  strchr.o ABSOLUTE
    ../clib/microlib/string/strcmp.c         0x00000000   Number         0  strcmp.o ABSOLUTE
    ../clib/microlib/string/strlen.c         0x00000000   Number         0  strlen.o ABSOLUTE
    ../clib/microlib/string/strncpy.c        0x00000000   Number         0  strncpy.o ABSOLUTE
    ../clib/microlib/string/strstr.c         0x00000000   Number         0  strstr.o ABSOLUTE
    ../clib/microlib/stubs.s                 0x00000000   Number         0  iusefp.o ABSOLUTE
    ../fplib/microlib/d2f.c                  0x00000000   Number         0  d2f.o ABSOLUTE
    ../fplib/microlib/fpadd.c                0x00000000   Number         0  dadd.o ABSOLUTE
    ../fplib/microlib/fpdiv.c                0x00000000   Number         0  ddiv.o ABSOLUTE
    ../fplib/microlib/fpepilogue.c           0x00000000   Number         0  fepilogue.o ABSOLUTE
    ../fplib/microlib/fpepilogue.c           0x00000000   Number         0  depilogue.o ABSOLUTE
    ../fplib/microlib/fpfix.c                0x00000000   Number         0  ffixi.o ABSOLUTE
    ../fplib/microlib/fpfix.c                0x00000000   Number         0  dfixi.o ABSOLUTE
    ../fplib/microlib/fpfix.c                0x00000000   Number         0  dfixul.o ABSOLUTE
    ../fplib/microlib/fpflt.c                0x00000000   Number         0  dflti.o ABSOLUTE
    ../fplib/microlib/fpmul.c                0x00000000   Number         0  dmul.o ABSOLUTE
    ../fplib/microlib/fpmul.c                0x00000000   Number         0  fmul.o ABSOLUTE
    ..\Drivers\Hantao-F103\driver_dht11.c    0x00000000   Number         0  driver_dht11.o ABSOLUTE
    ..\Drivers\STM32F1xx_HAL_Driver\Src\stm32f1xx_hal.c 0x00000000   Number         0  stm32f1xx_hal.o ABSOLUTE
    ..\Drivers\STM32F1xx_HAL_Driver\Src\stm32f1xx_hal_cortex.c 0x00000000   Number         0  stm32f1xx_hal_cortex.o ABSOLUTE
    ..\Drivers\STM32F1xx_HAL_Driver\Src\stm32f1xx_hal_dma.c 0x00000000   Number         0  stm32f1xx_hal_dma.o ABSOLUTE
    ..\Drivers\STM32F1xx_HAL_Driver\Src\stm32f1xx_hal_exti.c 0x00000000   Number         0  stm32f1xx_hal_exti.o ABSOLUTE
    ..\Drivers\STM32F1xx_HAL_Driver\Src\stm32f1xx_hal_flash.c 0x00000000   Number         0  stm32f1xx_hal_flash.o ABSOLUTE
    ..\Drivers\STM32F1xx_HAL_Driver\Src\stm32f1xx_hal_flash_ex.c 0x00000000   Number         0  stm32f1xx_hal_flash_ex.o ABSOLUTE
    ..\Drivers\STM32F1xx_HAL_Driver\Src\stm32f1xx_hal_gpio.c 0x00000000   Number         0  stm32f1xx_hal_gpio.o ABSOLUTE
    ..\Drivers\STM32F1xx_HAL_Driver\Src\stm32f1xx_hal_gpio_ex.c 0x00000000   Number         0  stm32f1xx_hal_gpio_ex.o ABSOLUTE
    ..\Drivers\STM32F1xx_HAL_Driver\Src\stm32f1xx_hal_pwr.c 0x00000000   Number         0  stm32f1xx_hal_pwr.o ABSOLUTE
    ..\Drivers\STM32F1xx_HAL_Driver\Src\stm32f1xx_hal_rcc.c 0x00000000   Number         0  stm32f1xx_hal_rcc.o ABSOLUTE
    ..\Drivers\STM32F1xx_HAL_Driver\Src\stm32f1xx_hal_rcc_ex.c 0x00000000   Number         0  stm32f1xx_hal_rcc_ex.o ABSOLUTE
    ..\Drivers\STM32F1xx_HAL_Driver\Src\stm32f1xx_hal_spi.c 0x00000000   Number         0  stm32f1xx_hal_spi.o ABSOLUTE
    ..\Drivers\STM32F1xx_HAL_Driver\Src\stm32f1xx_hal_tim.c 0x00000000   Number         0  stm32f1xx_hal_tim.o ABSOLUTE
    ..\Drivers\STM32F1xx_HAL_Driver\Src\stm32f1xx_hal_tim_ex.c 0x00000000   Number         0  stm32f1xx_hal_tim_ex.o ABSOLUTE
    ..\Drivers\STM32F1xx_HAL_Driver\Src\stm32f1xx_hal_uart.c 0x00000000   Number         0  stm32f1xx_hal_uart.o ABSOLUTE
    ..\Src\gpio.c                            0x00000000   Number         0  gpio.o ABSOLUTE
    ..\Src\main.c                            0x00000000   Number         0  main.o ABSOLUTE
    ..\Src\spi.c                             0x00000000   Number         0  spi.o ABSOLUTE
    ..\Src\stm32f1xx_hal_msp.c               0x00000000   Number         0  stm32f1xx_hal_msp.o ABSOLUTE
    ..\Src\stm32f1xx_it.c                    0x00000000   Number         0  stm32f1xx_it.o ABSOLUTE
    ..\Src\system_stm32f1xx.c                0x00000000   Number         0  system_stm32f1xx.o ABSOLUTE
    ..\Src\tim.c                             0x00000000   Number         0  tim.o ABSOLUTE
    ..\Src\usart.c                           0x00000000   Number         0  usart.o ABSOLUTE
    ..\User\Config\DEV_Config.c              0x00000000   Number         0  dev_config.o ABSOLUTE
    ..\User\Examples\EPD_use.c               0x00000000   Number         0  epd_use.o ABSOLUTE
    ..\User\Examples\ImageData.c             0x00000000   Number         0  imagedata.o ABSOLUTE
    ..\User\Examples\ImageData2.c            0x00000000   Number         0  imagedata2.o ABSOLUTE
    ..\User\Fonts\font12.c                   0x00000000   Number         0  font12.o ABSOLUTE
    ..\User\Fonts\font12CN.c                 0x00000000   Number         0  font12cn.o ABSOLUTE
    ..\User\Fonts\font16.c                   0x00000000   Number         0  font16.o ABSOLUTE
    ..\User\Fonts\font20.c                   0x00000000   Number         0  font20.o ABSOLUTE
    ..\User\Fonts\font24.c                   0x00000000   Number         0  font24.o ABSOLUTE
    ..\User\Fonts\font24CN.c                 0x00000000   Number         0  font24cn.o ABSOLUTE
    ..\User\Fonts\font48.c                   0x00000000   Number         0  font48.o ABSOLUTE
    ..\User\Fonts\font8.c                    0x00000000   Number         0  font8.o ABSOLUTE
    ..\User\GUI\GUI_Paint.c                  0x00000000   Number         0  gui_paint.o ABSOLUTE
    ..\User\e-Paper\EPD_2in9.c               0x00000000   Number         0  epd_2in9_1.o ABSOLUTE
    ..\\Drivers\\Hantao-F103\\driver_dht11.c 0x00000000   Number         0  driver_dht11.o ABSOLUTE
    ..\\User\\Config\\DEV_Config.c           0x00000000   Number         0  dev_config.o ABSOLUTE
    ..\\User\\Examples\\EPD_use.c            0x00000000   Number         0  epd_use.o ABSOLUTE
    ..\\User\\GUI\\GUI_Paint.c               0x00000000   Number         0  gui_paint.o ABSOLUTE
    ..\\User\\e-Paper\\EPD_2in9.c            0x00000000   Number         0  epd_2in9_1.o ABSOLUTE
    cdrcmple.s                               0x00000000   Number         0  cdrcmple.o ABSOLUTE
    dc.s                                     0x00000000   Number         0  dc.o ABSOLUTE
    handlers.s                               0x00000000   Number         0  handlers.o ABSOLUTE
    init.s                                   0x00000000   Number         0  init.o ABSOLUTE
    startup_stm32f103xb.s                    0x00000000   Number         0  startup_stm32f103xb.o ABSOLUTE
    RESET                                    0x08000000   Section      236  startup_stm32f103xb.o(RESET)
    .ARM.Collect$$$$00000000                 0x080000ec   Section        0  entry.o(.ARM.Collect$$$$00000000)
    .ARM.Collect$$$$00000001                 0x080000ec   Section        4  entry2.o(.ARM.Collect$$$$00000001)
    .ARM.Collect$$$$00000004                 0x080000f0   Section        4  entry5.o(.ARM.Collect$$$$00000004)
    .ARM.Collect$$$$00000008                 0x080000f4   Section        0  entry7b.o(.ARM.Collect$$$$00000008)
    .ARM.Collect$$$$0000000A                 0x080000f4   Section        0  entry8b.o(.ARM.Collect$$$$0000000A)
    .ARM.Collect$$$$0000000B                 0x080000f4   Section        8  entry9a.o(.ARM.Collect$$$$0000000B)
    .ARM.Collect$$$$0000000D                 0x080000fc   Section        0  entry10a.o(.ARM.Collect$$$$0000000D)
    .ARM.Collect$$$$0000000F                 0x080000fc   Section        0  entry11a.o(.ARM.Collect$$$$0000000F)
    .ARM.Collect$$$$00002712                 0x080000fc   Section        4  entry2.o(.ARM.Collect$$$$00002712)
    __lit__00000000                          0x080000fc   Data           4  entry2.o(.ARM.Collect$$$$00002712)
    .text                                    0x08000100   Section       36  startup_stm32f103xb.o(.text)
    .text                                    0x08000124   Section        0  memcpya.o(.text)
    .text                                    0x08000148   Section        0  memseta.o(.text)
    .text                                    0x0800016c   Section        0  strstr.o(.text)
    .text                                    0x08000190   Section        0  strncpy.o(.text)
    .text                                    0x080001a8   Section        0  strchr.o(.text)
    .text                                    0x080001bc   Section        0  strlen.o(.text)
    .text                                    0x080001ca   Section        0  strcmp.o(.text)
    .text                                    0x080001e6   Section        0  uidiv.o(.text)
    .text                                    0x08000214   Section       36  init.o(.text)
    .text                                    0x08000238   Section        0  __dczerorl2.o(.text)
    i.BusFault_Handler                       0x0800028e   Section        0  stm32f1xx_it.o(i.BusFault_Handler)
    i.DEV_Module_Init                        0x08000290   Section        0  dev_config.o(i.DEV_Module_Init)
    i.DEV_SPI_WriteByte                      0x080002c4   Section        0  dev_config.o(i.DEV_SPI_WriteByte)
    i.DHT11_Init                             0x080002dc   Section        0  driver_dht11.o(i.DHT11_Init)
    i.DHT11_PinRead                          0x080002e4   Section        0  driver_dht11.o(i.DHT11_PinRead)
    DHT11_PinRead                            0x080002e5   Thumb Code    18  driver_dht11.o(i.DHT11_PinRead)
    i.DHT11_PinSet                           0x080002fc   Section        0  driver_dht11.o(i.DHT11_PinSet)
    DHT11_PinSet                             0x080002fd   Thumb Code    18  driver_dht11.o(i.DHT11_PinSet)
    i.DHT11_Read                             0x08000314   Section        0  driver_dht11.o(i.DHT11_Read)
    i.DHT11_ReadByte                         0x080003a4   Section        0  driver_dht11.o(i.DHT11_ReadByte)
    DHT11_ReadByte                           0x080003a5   Thumb Code    70  driver_dht11.o(i.DHT11_ReadByte)
    i.DHT11_WaitFor_Val                      0x080003ea   Section        0  driver_dht11.o(i.DHT11_WaitFor_Val)
    DHT11_WaitFor_Val                        0x080003eb   Thumb Code    36  driver_dht11.o(i.DHT11_WaitFor_Val)
    i.DebugMon_Handler                       0x0800040e   Section        0  stm32f1xx_it.o(i.DebugMon_Handler)
    i.EPD_2IN9_Clear                         0x08000410   Section        0  epd_2in9_1.o(i.EPD_2IN9_Clear)
    i.EPD_2IN9_Display                       0x08000458   Section        0  epd_2in9_1.o(i.EPD_2IN9_Display)
    i.EPD_2IN9_Init                          0x080004a8   Section        0  epd_2in9_1.o(i.EPD_2IN9_Init)
    i.EPD_2IN9_ReadBusy                      0x0800059c   Section        0  epd_2in9_1.o(i.EPD_2IN9_ReadBusy)
    i.EPD_2IN9_Reset                         0x08000600   Section        0  epd_2in9_1.o(i.EPD_2IN9_Reset)
    i.EPD_2IN9_SendCommand                   0x0800063c   Section        0  epd_2in9_1.o(i.EPD_2IN9_SendCommand)
    i.EPD_2IN9_SendData                      0x08000670   Section        0  epd_2in9_1.o(i.EPD_2IN9_SendData)
    i.EPD_2IN9_SetCursor                     0x080006a4   Section        0  epd_2in9_1.o(i.EPD_2IN9_SetCursor)
    i.EPD_2IN9_SetWindows                    0x080006ce   Section        0  epd_2in9_1.o(i.EPD_2IN9_SetWindows)
    i.EPD_2IN9_TurnOnDisplay                 0x08000712   Section        0  epd_2in9_1.o(i.EPD_2IN9_TurnOnDisplay)
    i.E_test                                 0x08000734   Section        0  main.o(i.E_test)
    i.Error_Handler                          0x08000764   Section        0  main.o(i.Error_Handler)
    i.Get_time                               0x08000768   Section        0  main.o(i.Get_time)
    i.HAL_DMA_Abort_IT                       0x080008c8   Section        0  stm32f1xx_hal_dma.o(i.HAL_DMA_Abort_IT)
    i.HAL_Delay                              0x08000960   Section        0  stm32f1xx_hal.o(i.HAL_Delay)
    i.HAL_GPIO_Init                          0x08000984   Section        0  stm32f1xx_hal_gpio.o(i.HAL_GPIO_Init)
    i.HAL_GPIO_ReadPin                       0x08000b64   Section        0  stm32f1xx_hal_gpio.o(i.HAL_GPIO_ReadPin)
    i.HAL_GPIO_WritePin                      0x08000b6e   Section        0  stm32f1xx_hal_gpio.o(i.HAL_GPIO_WritePin)
    i.HAL_GetTick                            0x08000b78   Section        0  stm32f1xx_hal.o(i.HAL_GetTick)
    i.HAL_IncTick                            0x08000b84   Section        0  stm32f1xx_hal.o(i.HAL_IncTick)
    i.HAL_Init                               0x08000b94   Section        0  stm32f1xx_hal.o(i.HAL_Init)
    i.HAL_InitTick                           0x08000bb8   Section        0  stm32f1xx_hal.o(i.HAL_InitTick)
    i.HAL_MspInit                            0x08000bf8   Section        0  stm32f1xx_hal_msp.o(i.HAL_MspInit)
    i.HAL_NVIC_EnableIRQ                     0x08000c34   Section        0  stm32f1xx_hal_cortex.o(i.HAL_NVIC_EnableIRQ)
    i.HAL_NVIC_SetPriority                   0x08000c50   Section        0  stm32f1xx_hal_cortex.o(i.HAL_NVIC_SetPriority)
    i.HAL_NVIC_SetPriorityGrouping           0x08000c90   Section        0  stm32f1xx_hal_cortex.o(i.HAL_NVIC_SetPriorityGrouping)
    i.HAL_RCC_ClockConfig                    0x08000cb4   Section        0  stm32f1xx_hal_rcc.o(i.HAL_RCC_ClockConfig)
    i.HAL_RCC_GetHCLKFreq                    0x08000de0   Section        0  stm32f1xx_hal_rcc.o(i.HAL_RCC_GetHCLKFreq)
    i.HAL_RCC_GetPCLK1Freq                   0x08000dec   Section        0  stm32f1xx_hal_rcc.o(i.HAL_RCC_GetPCLK1Freq)
    i.HAL_RCC_GetPCLK2Freq                   0x08000e0c   Section        0  stm32f1xx_hal_rcc.o(i.HAL_RCC_GetPCLK2Freq)
    i.HAL_RCC_GetSysClockFreq                0x08000e2c   Section        0  stm32f1xx_hal_rcc.o(i.HAL_RCC_GetSysClockFreq)
    i.HAL_RCC_OscConfig                      0x08000e98   Section        0  stm32f1xx_hal_rcc.o(i.HAL_RCC_OscConfig)
    i.HAL_SPI_Init                           0x080011b8   Section        0  stm32f1xx_hal_spi.o(i.HAL_SPI_Init)
    i.HAL_SPI_MspInit                        0x0800126c   Section        0  spi.o(i.HAL_SPI_MspInit)
    i.HAL_SPI_Transmit                       0x080012c8   Section        0  stm32f1xx_hal_spi.o(i.HAL_SPI_Transmit)
    i.HAL_SYSTICK_Config                     0x0800142e   Section        0  stm32f1xx_hal_cortex.o(i.HAL_SYSTICK_Config)
    i.HAL_TIMEx_BreakCallback                0x08001456   Section        0  stm32f1xx_hal_tim_ex.o(i.HAL_TIMEx_BreakCallback)
    i.HAL_TIMEx_CommutCallback               0x08001458   Section        0  stm32f1xx_hal_tim_ex.o(i.HAL_TIMEx_CommutCallback)
    i.HAL_TIMEx_MasterConfigSynchronization  0x0800145c   Section        0  stm32f1xx_hal_tim_ex.o(i.HAL_TIMEx_MasterConfigSynchronization)
    i.HAL_TIM_Base_Init                      0x080014c4   Section        0  stm32f1xx_hal_tim.o(i.HAL_TIM_Base_Init)
    i.HAL_TIM_Base_MspInit                   0x08001520   Section        0  tim.o(i.HAL_TIM_Base_MspInit)
    i.HAL_TIM_Base_Start_IT                  0x0800155c   Section        0  stm32f1xx_hal_tim.o(i.HAL_TIM_Base_Start_IT)
    i.HAL_TIM_ConfigClockSource              0x080015b4   Section        0  stm32f1xx_hal_tim.o(i.HAL_TIM_ConfigClockSource)
    i.HAL_TIM_IC_CaptureCallback             0x0800168a   Section        0  stm32f1xx_hal_tim.o(i.HAL_TIM_IC_CaptureCallback)
    i.HAL_TIM_IRQHandler                     0x0800168c   Section        0  stm32f1xx_hal_tim.o(i.HAL_TIM_IRQHandler)
    i.HAL_TIM_OC_DelayElapsedCallback        0x080017f2   Section        0  stm32f1xx_hal_tim.o(i.HAL_TIM_OC_DelayElapsedCallback)
    i.HAL_TIM_PWM_PulseFinishedCallback      0x080017f4   Section        0  stm32f1xx_hal_tim.o(i.HAL_TIM_PWM_PulseFinishedCallback)
    i.HAL_TIM_PeriodElapsedCallback          0x080017f8   Section        0  main.o(i.HAL_TIM_PeriodElapsedCallback)
    i.HAL_TIM_TriggerCallback                0x08001808   Section        0  stm32f1xx_hal_tim.o(i.HAL_TIM_TriggerCallback)
    i.HAL_UART_AbortReceiveCpltCallback      0x0800180a   Section        0  stm32f1xx_hal_uart.o(i.HAL_UART_AbortReceiveCpltCallback)
    i.HAL_UART_AbortReceive_IT               0x0800180c   Section        0  stm32f1xx_hal_uart.o(i.HAL_UART_AbortReceive_IT)
    i.HAL_UART_Init                          0x08001868   Section        0  stm32f1xx_hal_uart.o(i.HAL_UART_Init)
    i.HAL_UART_MspInit                       0x080018cc   Section        0  usart.o(i.HAL_UART_MspInit)
    i.HAL_UART_Receive_IT                    0x0800194c   Section        0  stm32f1xx_hal_uart.o(i.HAL_UART_Receive_IT)
    i.HAL_UART_Transmit                      0x080019a0   Section        0  stm32f1xx_hal_uart.o(i.HAL_UART_Transmit)
    i.HardFault_Handler                      0x08001a52   Section        0  stm32f1xx_it.o(i.HardFault_Handler)
    i.MX_GPIO_Init                           0x08001a54   Section        0  gpio.o(i.MX_GPIO_Init)
    i.MX_SPI1_Init                           0x08001afc   Section        0  spi.o(i.MX_SPI1_Init)
    i.MX_TIM4_Init                           0x08001b44   Section        0  tim.o(i.MX_TIM4_Init)
    i.MX_USART1_UART_Init                    0x08001bb0   Section        0  usart.o(i.MX_USART1_UART_Init)
    i.MY_EPD_test                            0x08001be8   Section        0  main.o(i.MY_EPD_test)
    i.MemManage_Handler                      0x08001c90   Section        0  stm32f1xx_it.o(i.MemManage_Handler)
    i.NMI_Handler                            0x08001c92   Section        0  stm32f1xx_it.o(i.NMI_Handler)
    i.Paint_Clear                            0x08001c94   Section        0  gui_paint.o(i.Paint_Clear)
    i.Paint_DrawBitMapXY                     0x08001d38   Section        0  main.o(i.Paint_DrawBitMapXY)
    i.Paint_DrawChar                         0x08001d94   Section        0  gui_paint.o(i.Paint_DrawChar)
    i.Paint_DrawLine                         0x08001e88   Section        0  gui_paint.o(i.Paint_DrawLine)
    i.Paint_DrawNum                          0x08001f94   Section        0  gui_paint.o(i.Paint_DrawNum)
    i.Paint_DrawPoint                        0x08002064   Section        0  gui_paint.o(i.Paint_DrawPoint)
    i.Paint_DrawString_CN                    0x080021a8   Section        0  gui_paint.o(i.Paint_DrawString_CN)
    i.Paint_DrawString_EN                    0x0800233c   Section        0  gui_paint.o(i.Paint_DrawString_EN)
    i.Paint_DrawTime                         0x080023b8   Section        0  gui_paint.o(i.Paint_DrawTime)
    i.Paint_NewImage                         0x08002488   Section        0  gui_paint.o(i.Paint_NewImage)
    i.Paint_SelectImage                      0x080024c4   Section        0  gui_paint.o(i.Paint_SelectImage)
    i.Paint_SetPixel                         0x080024d0   Section        0  gui_paint.o(i.Paint_SetPixel)
    i.PendSV_Handler                         0x080025ec   Section        0  stm32f1xx_it.o(i.PendSV_Handler)
    i.SPI_EndRxTxTransaction                 0x080025ee   Section        0  stm32f1xx_hal_spi.o(i.SPI_EndRxTxTransaction)
    SPI_EndRxTxTransaction                   0x080025ef   Thumb Code    32  stm32f1xx_hal_spi.o(i.SPI_EndRxTxTransaction)
    i.SPI_WaitFlagStateUntilTimeout          0x08002610   Section        0  stm32f1xx_hal_spi.o(i.SPI_WaitFlagStateUntilTimeout)
    SPI_WaitFlagStateUntilTimeout            0x08002611   Thumb Code   180  stm32f1xx_hal_spi.o(i.SPI_WaitFlagStateUntilTimeout)
    i.SVC_Handler                            0x080026c8   Section        0  stm32f1xx_it.o(i.SVC_Handler)
    i.SysTick_Handler                        0x080026ca   Section        0  stm32f1xx_it.o(i.SysTick_Handler)
    i.SystemClock_Config                     0x080026ce   Section        0  main.o(i.SystemClock_Config)
    i.SystemInit                             0x0800272c   Section        0  system_stm32f1xx.o(i.SystemInit)
    i.TIM4_IRQHandler                        0x08002730   Section        0  stm32f1xx_it.o(i.TIM4_IRQHandler)
    i.TIM_Base_SetConfig                     0x0800273c   Section        0  stm32f1xx_hal_tim.o(i.TIM_Base_SetConfig)
    i.TIM_ETR_SetConfig                      0x080027a8   Section        0  stm32f1xx_hal_tim.o(i.TIM_ETR_SetConfig)
    i.TIM_ITRx_SetConfig                     0x080027bc   Section        0  stm32f1xx_hal_tim.o(i.TIM_ITRx_SetConfig)
    TIM_ITRx_SetConfig                       0x080027bd   Thumb Code    16  stm32f1xx_hal_tim.o(i.TIM_ITRx_SetConfig)
    i.TIM_TI1_ConfigInputStage               0x080027cc   Section        0  stm32f1xx_hal_tim.o(i.TIM_TI1_ConfigInputStage)
    TIM_TI1_ConfigInputStage                 0x080027cd   Thumb Code    34  stm32f1xx_hal_tim.o(i.TIM_TI1_ConfigInputStage)
    i.TIM_TI2_ConfigInputStage               0x080027ee   Section        0  stm32f1xx_hal_tim.o(i.TIM_TI2_ConfigInputStage)
    TIM_TI2_ConfigInputStage                 0x080027ef   Thumb Code    36  stm32f1xx_hal_tim.o(i.TIM_TI2_ConfigInputStage)
    i.UART_DMARxOnlyAbortCallback            0x08002812   Section        0  stm32f1xx_hal_uart.o(i.UART_DMARxOnlyAbortCallback)
    UART_DMARxOnlyAbortCallback              0x08002813   Thumb Code    20  stm32f1xx_hal_uart.o(i.UART_DMARxOnlyAbortCallback)
    i.UART_SetConfig                         0x08002828   Section        0  stm32f1xx_hal_uart.o(i.UART_SetConfig)
    UART_SetConfig                           0x08002829   Thumb Code   178  stm32f1xx_hal_uart.o(i.UART_SetConfig)
    i.UART_WaitOnFlagUntilTimeout            0x080028e0   Section        0  stm32f1xx_hal_uart.o(i.UART_WaitOnFlagUntilTimeout)
    UART_WaitOnFlagUntilTimeout              0x080028e1   Thumb Code   100  stm32f1xx_hal_uart.o(i.UART_WaitOnFlagUntilTimeout)
    i.USART1_IRQHandler                      0x08002944   Section        0  stm32f1xx_it.o(i.USART1_IRQHandler)
    i.UsageFault_Handler                     0x080029ac   Section        0  stm32f1xx_it.o(i.UsageFault_Handler)
    i.Weekday                                0x080029b0   Section        0  epd_use.o(i.Weekday)
    i.__0printf$3                            0x08002a68   Section        0  printf3.o(i.__0printf$3)
    i.__NVIC_SetPriority                     0x08002a88   Section        0  stm32f1xx_hal_cortex.o(i.__NVIC_SetPriority)
    __NVIC_SetPriority                       0x08002a89   Thumb Code    32  stm32f1xx_hal_cortex.o(i.__NVIC_SetPriority)
    i.__scatterload_copy                     0x08002aa8   Section       14  handlers.o(i.__scatterload_copy)
    i.__scatterload_null                     0x08002ab6   Section        2  handlers.o(i.__scatterload_null)
    i.__scatterload_zeroinit                 0x08002ab8   Section       14  handlers.o(i.__scatterload_zeroinit)
    i._printf_core                           0x08002ac8   Section        0  printf3.o(i._printf_core)
    _printf_core                             0x08002ac9   Thumb Code   436  printf3.o(i._printf_core)
    i.clear                                  0x08002c80   Section        0  main.o(i.clear)
    i.clear_rxBuffer                         0x08002cc0   Section        0  main.o(i.clear_rxBuffer)
    i.extractText                            0x08002d04   Section        0  main.o(i.extractText)
    i.extract_date_from_http                 0x08002dc4   Section        0  main.o(i.extract_date_from_http)
    i.extract_tempare                        0x08002e84   Section        0  main.o(i.extract_tempare)
    i.extract_update                         0x08002f50   Section        0  main.o(i.extract_update)
    i.fputc                                  0x0800301c   Section        0  main.o(i.fputc)
    i.main                                   0x08003034   Section        0  main.o(i.main)
    i.malloc                                 0x08003470   Section        0  malloc.o(i.malloc)
    i.processReceivedData                    0x080034dc   Section        0  main.o(i.processReceivedData)
    i.udelay                                 0x080034e8   Section        0  driver_dht11.o(i.udelay)
    .constdata                               0x08003504   Section       16  system_stm32f1xx.o(.constdata)
    .constdata                               0x08003514   Section        8  system_stm32f1xx.o(.constdata)
    .constdata                               0x0800351c   Section     2988  font12cn.o(.constdata)
    .constdata                               0x080040c8   Section     3040  font16.o(.constdata)
    .constdata                               0x08004ca8   Section     3800  font20.o(.constdata)
    .constdata                               0x08005b80   Section     4032  font48.o(.constdata)
    .constdata                               0x08006b40   Section       42  epd_use.o(.constdata)
    .constdata                               0x08006b6a   Section       60  epd_2in9_1.o(.constdata)
    .conststring                             0x08006ba8   Section      206  main.o(.conststring)
    .conststring                             0x08006c78   Section       68  gui_paint.o(.conststring)
    .data                                    0x20000000   Section      618  main.o(.data)
    .data                                    0x2000026c   Section       12  stm32f1xx_hal.o(.data)
    .data                                    0x20000278   Section        4  system_stm32f1xx.o(.data)
    .data                                    0x2000027c   Section       12  font12cn.o(.data)
    .data                                    0x20000288   Section        8  font16.o(.data)
    .data                                    0x20000290   Section        8  font20.o(.data)
    .data                                    0x20000298   Section        8  font48.o(.data)
    .data                                    0x200002a0   Section        4  epd_use.o(.data)
    .data                                    0x200002a4   Section        4  stdout.o(.data)
    .data                                    0x200002a8   Section        4  mvars.o(.data)
    .data                                    0x200002ac   Section        4  mvars.o(.data)
    .bss                                     0x200002b0   Section     1424  main.o(.bss)
    .bss                                     0x20000840   Section       88  spi.o(.bss)
    .bss                                     0x20000898   Section       72  tim.o(.bss)
    .bss                                     0x200008e0   Section       64  usart.o(.bss)
    .bss                                     0x20000920   Section       24  gui_paint.o(.bss)
    HEAP                                     0x20000938   Section    13312  startup_stm32f103xb.o(HEAP)
    STACK                                    0x20003d38   Section     4096  startup_stm32f103xb.o(STACK)

    Global Symbols

    Symbol Name                              Value     Ov Type        Size  Object(Section)

    BuildAttributes$$THM_ISAv4$P$D$K$B$S$PE$A:L22UL41UL21$X:L11$S22US41US21$IEEE1$IW$USESV6$~STKCKD$USESV7$~SHL$OTIME$ROPI$EBA8$MICROLIB$REQ8$PRES8$EABIv2 0x00000000   Number         0  anon$$obj.o ABSOLUTE
    __ARM_use_no_argv                        0x00000000   Number         0  main.o ABSOLUTE
    _printf_a                                0x00000000   Number         0  stubs.o ABSOLUTE
    _printf_c                                0x00000000   Number         0  stubs.o ABSOLUTE
    _printf_charcount                        0x00000000   Number         0  stubs.o ABSOLUTE
    _printf_d                                0x00000000   Number         0  stubs.o ABSOLUTE
    _printf_e                                0x00000000   Number         0  stubs.o ABSOLUTE
    _printf_f                                0x00000000   Number         0  stubs.o ABSOLUTE
    _printf_flags                            0x00000000   Number         0  stubs.o ABSOLUTE
    _printf_fp_dec                           0x00000000   Number         0  stubs.o ABSOLUTE
    _printf_fp_hex                           0x00000000   Number         0  stubs.o ABSOLUTE
    _printf_g                                0x00000000   Number         0  stubs.o ABSOLUTE
    _printf_i                                0x00000000   Number         0  stubs.o ABSOLUTE
    _printf_int_dec                          0x00000000   Number         0  stubs.o ABSOLUTE
    _printf_l                                0x00000000   Number         0  stubs.o ABSOLUTE
    _printf_lc                               0x00000000   Number         0  stubs.o ABSOLUTE
    _printf_ll                               0x00000000   Number         0  stubs.o ABSOLUTE
    _printf_lld                              0x00000000   Number         0  stubs.o ABSOLUTE
    _printf_lli                              0x00000000   Number         0  stubs.o ABSOLUTE
    _printf_llo                              0x00000000   Number         0  stubs.o ABSOLUTE
    _printf_llu                              0x00000000   Number         0  stubs.o ABSOLUTE
    _printf_llx                              0x00000000   Number         0  stubs.o ABSOLUTE
    _printf_longlong_dec                     0x00000000   Number         0  stubs.o ABSOLUTE
    _printf_longlong_hex                     0x00000000   Number         0  stubs.o ABSOLUTE
    _printf_longlong_oct                     0x00000000   Number         0  stubs.o ABSOLUTE
    _printf_ls                               0x00000000   Number         0  stubs.o ABSOLUTE
    _printf_mbtowc                           0x00000000   Number         0  stubs.o ABSOLUTE
    _printf_n                                0x00000000   Number         0  stubs.o ABSOLUTE
    _printf_o                                0x00000000   Number         0  stubs.o ABSOLUTE
    _printf_p                                0x00000000   Number         0  stubs.o ABSOLUTE
    _printf_percent                          0x00000000   Number         0  stubs.o ABSOLUTE
    _printf_pre_padding                      0x00000000   Number         0  stubs.o ABSOLUTE
    _printf_return_value                     0x00000000   Number         0  stubs.o ABSOLUTE
    _printf_s                                0x00000000   Number         0  stubs.o ABSOLUTE
    _printf_sizespec                         0x00000000   Number         0  stubs.o ABSOLUTE
    _printf_str                              0x00000000   Number         0  stubs.o ABSOLUTE
    _printf_truncate_signed                  0x00000000   Number         0  stubs.o ABSOLUTE
    _printf_truncate_unsigned                0x00000000   Number         0  stubs.o ABSOLUTE
    _printf_u                                0x00000000   Number         0  stubs.o ABSOLUTE
    _printf_wc                               0x00000000   Number         0  stubs.o ABSOLUTE
    _printf_wctomb                           0x00000000   Number         0  stubs.o ABSOLUTE
    _printf_widthprec                        0x00000000   Number         0  stubs.o ABSOLUTE
    _printf_x                                0x00000000   Number         0  stubs.o ABSOLUTE
    __cpp_initialize__aeabi_                  - Undefined Weak Reference
    __cxa_finalize                            - Undefined Weak Reference
    _clock_init                               - Undefined Weak Reference
    _microlib_exit                            - Undefined Weak Reference
    __Vectors_Size                           0x000000ec   Number         0  startup_stm32f103xb.o ABSOLUTE
    __Vectors                                0x08000000   Data           4  startup_stm32f103xb.o(RESET)
    __Vectors_End                            0x080000ec   Data           0  startup_stm32f103xb.o(RESET)
    __main                                   0x080000ed   Thumb Code     0  entry.o(.ARM.Collect$$$$00000000)
    _main_stk                                0x080000ed   Thumb Code     0  entry2.o(.ARM.Collect$$$$00000001)
    _main_scatterload                        0x080000f1   Thumb Code     0  entry5.o(.ARM.Collect$$$$00000004)
    __main_after_scatterload                 0x080000f5   Thumb Code     0  entry5.o(.ARM.Collect$$$$00000004)
    _main_clock                              0x080000f5   Thumb Code     0  entry7b.o(.ARM.Collect$$$$00000008)
    _main_cpp_init                           0x080000f5   Thumb Code     0  entry8b.o(.ARM.Collect$$$$0000000A)
    _main_init                               0x080000f5   Thumb Code     0  entry9a.o(.ARM.Collect$$$$0000000B)
    __rt_final_cpp                           0x080000fd   Thumb Code     0  entry10a.o(.ARM.Collect$$$$0000000D)
    __rt_final_exit                          0x080000fd   Thumb Code     0  entry11a.o(.ARM.Collect$$$$0000000F)
    Reset_Handler                            0x08000101   Thumb Code     8  startup_stm32f103xb.o(.text)
    ADC1_2_IRQHandler                        0x0800011b   Thumb Code     0  startup_stm32f103xb.o(.text)
    CAN1_RX1_IRQHandler                      0x0800011b   Thumb Code     0  startup_stm32f103xb.o(.text)
    CAN1_SCE_IRQHandler                      0x0800011b   Thumb Code     0  startup_stm32f103xb.o(.text)
    DMA1_Channel1_IRQHandler                 0x0800011b   Thumb Code     0  startup_stm32f103xb.o(.text)
    DMA1_Channel2_IRQHandler                 0x0800011b   Thumb Code     0  startup_stm32f103xb.o(.text)
    DMA1_Channel3_IRQHandler                 0x0800011b   Thumb Code     0  startup_stm32f103xb.o(.text)
    DMA1_Channel4_IRQHandler                 0x0800011b   Thumb Code     0  startup_stm32f103xb.o(.text)
    DMA1_Channel5_IRQHandler                 0x0800011b   Thumb Code     0  startup_stm32f103xb.o(.text)
    DMA1_Channel6_IRQHandler                 0x0800011b   Thumb Code     0  startup_stm32f103xb.o(.text)
    DMA1_Channel7_IRQHandler                 0x0800011b   Thumb Code     0  startup_stm32f103xb.o(.text)
    EXTI0_IRQHandler                         0x0800011b   Thumb Code     0  startup_stm32f103xb.o(.text)
    EXTI15_10_IRQHandler                     0x0800011b   Thumb Code     0  startup_stm32f103xb.o(.text)
    EXTI1_IRQHandler                         0x0800011b   Thumb Code     0  startup_stm32f103xb.o(.text)
    EXTI2_IRQHandler                         0x0800011b   Thumb Code     0  startup_stm32f103xb.o(.text)
    EXTI3_IRQHandler                         0x0800011b   Thumb Code     0  startup_stm32f103xb.o(.text)
    EXTI4_IRQHandler                         0x0800011b   Thumb Code     0  startup_stm32f103xb.o(.text)
    EXTI9_5_IRQHandler                       0x0800011b   Thumb Code     0  startup_stm32f103xb.o(.text)
    FLASH_IRQHandler                         0x0800011b   Thumb Code     0  startup_stm32f103xb.o(.text)
    I2C1_ER_IRQHandler                       0x0800011b   Thumb Code     0  startup_stm32f103xb.o(.text)
    I2C1_EV_IRQHandler                       0x0800011b   Thumb Code     0  startup_stm32f103xb.o(.text)
    I2C2_ER_IRQHandler                       0x0800011b   Thumb Code     0  startup_stm32f103xb.o(.text)
    I2C2_EV_IRQHandler                       0x0800011b   Thumb Code     0  startup_stm32f103xb.o(.text)
    PVD_IRQHandler                           0x0800011b   Thumb Code     0  startup_stm32f103xb.o(.text)
    RCC_IRQHandler                           0x0800011b   Thumb Code     0  startup_stm32f103xb.o(.text)
    RTC_Alarm_IRQHandler                     0x0800011b   Thumb Code     0  startup_stm32f103xb.o(.text)
    RTC_IRQHandler                           0x0800011b   Thumb Code     0  startup_stm32f103xb.o(.text)
    SPI1_IRQHandler                          0x0800011b   Thumb Code     0  startup_stm32f103xb.o(.text)
    SPI2_IRQHandler                          0x0800011b   Thumb Code     0  startup_stm32f103xb.o(.text)
    TAMPER_IRQHandler                        0x0800011b   Thumb Code     0  startup_stm32f103xb.o(.text)
    TIM1_BRK_IRQHandler                      0x0800011b   Thumb Code     0  startup_stm32f103xb.o(.text)
    TIM1_CC_IRQHandler                       0x0800011b   Thumb Code     0  startup_stm32f103xb.o(.text)
    TIM1_TRG_COM_IRQHandler                  0x0800011b   Thumb Code     0  startup_stm32f103xb.o(.text)
    TIM1_UP_IRQHandler                       0x0800011b   Thumb Code     0  startup_stm32f103xb.o(.text)
    TIM2_IRQHandler                          0x0800011b   Thumb Code     0  startup_stm32f103xb.o(.text)
    TIM3_IRQHandler                          0x0800011b   Thumb Code     0  startup_stm32f103xb.o(.text)
    USART2_IRQHandler                        0x0800011b   Thumb Code     0  startup_stm32f103xb.o(.text)
    USART3_IRQHandler                        0x0800011b   Thumb Code     0  startup_stm32f103xb.o(.text)
    USBWakeUp_IRQHandler                     0x0800011b   Thumb Code     0  startup_stm32f103xb.o(.text)
    USB_HP_CAN1_TX_IRQHandler                0x0800011b   Thumb Code     0  startup_stm32f103xb.o(.text)
    USB_LP_CAN1_RX0_IRQHandler               0x0800011b   Thumb Code     0  startup_stm32f103xb.o(.text)
    WWDG_IRQHandler                          0x0800011b   Thumb Code     0  startup_stm32f103xb.o(.text)
    __aeabi_memcpy                           0x08000125   Thumb Code    36  memcpya.o(.text)
    __aeabi_memcpy4                          0x08000125   Thumb Code     0  memcpya.o(.text)
    __aeabi_memcpy8                          0x08000125   Thumb Code     0  memcpya.o(.text)
    __aeabi_memset                           0x08000149   Thumb Code    14  memseta.o(.text)
    __aeabi_memset4                          0x08000149   Thumb Code     0  memseta.o(.text)
    __aeabi_memset8                          0x08000149   Thumb Code     0  memseta.o(.text)
    __aeabi_memclr                           0x08000157   Thumb Code     4  memseta.o(.text)
    __aeabi_memclr4                          0x08000157   Thumb Code     0  memseta.o(.text)
    __aeabi_memclr8                          0x08000157   Thumb Code     0  memseta.o(.text)
    _memset$wrapper                          0x0800015b   Thumb Code    18  memseta.o(.text)
    strstr                                   0x0800016d   Thumb Code    36  strstr.o(.text)
    strncpy                                  0x08000191   Thumb Code    24  strncpy.o(.text)
    strchr                                   0x080001a9   Thumb Code    20  strchr.o(.text)
    strlen                                   0x080001bd   Thumb Code    14  strlen.o(.text)
    strcmp                                   0x080001cb   Thumb Code    28  strcmp.o(.text)
    __aeabi_uidiv                            0x080001e7   Thumb Code     0  uidiv.o(.text)
    __aeabi_uidivmod                         0x080001e7   Thumb Code    44  uidiv.o(.text)
    __scatterload                            0x08000215   Thumb Code    28  init.o(.text)
    __scatterload_rt2                        0x08000215   Thumb Code     0  init.o(.text)
    __decompress                             0x08000239   Thumb Code     0  __dczerorl2.o(.text)
    __decompress1                            0x08000239   Thumb Code    86  __dczerorl2.o(.text)
    BusFault_Handler                         0x0800028f   Thumb Code     2  stm32f1xx_it.o(i.BusFault_Handler)
    DEV_Module_Init                          0x08000291   Thumb Code    48  dev_config.o(i.DEV_Module_Init)
    DEV_SPI_WriteByte                        0x080002c5   Thumb Code    18  dev_config.o(i.DEV_SPI_WriteByte)
    DHT11_Init                               0x080002dd   Thumb Code     6  driver_dht11.o(i.DHT11_Init)
    DHT11_Read                               0x08000315   Thumb Code   138  driver_dht11.o(i.DHT11_Read)
    DebugMon_Handler                         0x0800040f   Thumb Code     2  stm32f1xx_it.o(i.DebugMon_Handler)
    EPD_2IN9_Clear                           0x08000411   Thumb Code    70  epd_2in9_1.o(i.EPD_2IN9_Clear)
    EPD_2IN9_Display                         0x08000459   Thumb Code    80  epd_2in9_1.o(i.EPD_2IN9_Display)
    EPD_2IN9_Init                            0x080004a9   Thumb Code   180  epd_2in9_1.o(i.EPD_2IN9_Init)
    EPD_2IN9_ReadBusy                        0x0800059d   Thumb Code    40  epd_2in9_1.o(i.EPD_2IN9_ReadBusy)
    EPD_2IN9_Reset                           0x08000601   Thumb Code    56  epd_2in9_1.o(i.EPD_2IN9_Reset)
    EPD_2IN9_SendCommand                     0x0800063d   Thumb Code    46  epd_2in9_1.o(i.EPD_2IN9_SendCommand)
    EPD_2IN9_SendData                        0x08000671   Thumb Code    46  epd_2in9_1.o(i.EPD_2IN9_SendData)
    EPD_2IN9_SetCursor                       0x080006a5   Thumb Code    42  epd_2in9_1.o(i.EPD_2IN9_SetCursor)
    EPD_2IN9_SetWindows                      0x080006cf   Thumb Code    68  epd_2in9_1.o(i.EPD_2IN9_SetWindows)
    EPD_2IN9_TurnOnDisplay                   0x08000713   Thumb Code    34  epd_2in9_1.o(i.EPD_2IN9_TurnOnDisplay)
    E_test                                   0x08000735   Thumb Code    38  main.o(i.E_test)
    Error_Handler                            0x08000765   Thumb Code     4  main.o(i.Error_Handler)
    Get_time                                 0x08000769   Thumb Code   178  main.o(i.Get_time)
    HAL_DMA_Abort_IT                         0x080008c9   Thumb Code   148  stm32f1xx_hal_dma.o(i.HAL_DMA_Abort_IT)
    HAL_Delay                                0x08000961   Thumb Code    32  stm32f1xx_hal.o(i.HAL_Delay)
    HAL_GPIO_Init                            0x08000985   Thumb Code   446  stm32f1xx_hal_gpio.o(i.HAL_GPIO_Init)
    HAL_GPIO_ReadPin                         0x08000b65   Thumb Code    10  stm32f1xx_hal_gpio.o(i.HAL_GPIO_ReadPin)
    HAL_GPIO_WritePin                        0x08000b6f   Thumb Code    10  stm32f1xx_hal_gpio.o(i.HAL_GPIO_WritePin)
    HAL_GetTick                              0x08000b79   Thumb Code     6  stm32f1xx_hal.o(i.HAL_GetTick)
    HAL_IncTick                              0x08000b85   Thumb Code    12  stm32f1xx_hal.o(i.HAL_IncTick)
    HAL_Init                                 0x08000b95   Thumb Code    32  stm32f1xx_hal.o(i.HAL_Init)
    HAL_InitTick                             0x08000bb9   Thumb Code    54  stm32f1xx_hal.o(i.HAL_InitTick)
    HAL_MspInit                              0x08000bf9   Thumb Code    52  stm32f1xx_hal_msp.o(i.HAL_MspInit)
    HAL_NVIC_EnableIRQ                       0x08000c35   Thumb Code    26  stm32f1xx_hal_cortex.o(i.HAL_NVIC_EnableIRQ)
    HAL_NVIC_SetPriority                     0x08000c51   Thumb Code    60  stm32f1xx_hal_cortex.o(i.HAL_NVIC_SetPriority)
    HAL_NVIC_SetPriorityGrouping             0x08000c91   Thumb Code    26  stm32f1xx_hal_cortex.o(i.HAL_NVIC_SetPriorityGrouping)
    HAL_RCC_ClockConfig                      0x08000cb5   Thumb Code   280  stm32f1xx_hal_rcc.o(i.HAL_RCC_ClockConfig)
    HAL_RCC_GetHCLKFreq                      0x08000de1   Thumb Code     6  stm32f1xx_hal_rcc.o(i.HAL_RCC_GetHCLKFreq)
    HAL_RCC_GetPCLK1Freq                     0x08000ded   Thumb Code    20  stm32f1xx_hal_rcc.o(i.HAL_RCC_GetPCLK1Freq)
    HAL_RCC_GetPCLK2Freq                     0x08000e0d   Thumb Code    20  stm32f1xx_hal_rcc.o(i.HAL_RCC_GetPCLK2Freq)
    HAL_RCC_GetSysClockFreq                  0x08000e2d   Thumb Code    74  stm32f1xx_hal_rcc.o(i.HAL_RCC_GetSysClockFreq)
    HAL_RCC_OscConfig                        0x08000e99   Thumb Code   778  stm32f1xx_hal_rcc.o(i.HAL_RCC_OscConfig)
    HAL_SPI_Init                             0x080011b9   Thumb Code   178  stm32f1xx_hal_spi.o(i.HAL_SPI_Init)
    HAL_SPI_MspInit                          0x0800126d   Thumb Code    78  spi.o(i.HAL_SPI_MspInit)
    HAL_SPI_Transmit                         0x080012c9   Thumb Code   358  stm32f1xx_hal_spi.o(i.HAL_SPI_Transmit)
    HAL_SYSTICK_Config                       0x0800142f   Thumb Code    40  stm32f1xx_hal_cortex.o(i.HAL_SYSTICK_Config)
    HAL_TIMEx_BreakCallback                  0x08001457   Thumb Code     2  stm32f1xx_hal_tim_ex.o(i.HAL_TIMEx_BreakCallback)
    HAL_TIMEx_CommutCallback                 0x08001459   Thumb Code     2  stm32f1xx_hal_tim_ex.o(i.HAL_TIMEx_CommutCallback)
    HAL_TIMEx_MasterConfigSynchronization    0x0800145d   Thumb Code    92  stm32f1xx_hal_tim_ex.o(i.HAL_TIMEx_MasterConfigSynchronization)
    HAL_TIM_Base_Init                        0x080014c5   Thumb Code    90  stm32f1xx_hal_tim.o(i.HAL_TIM_Base_Init)
    HAL_TIM_Base_MspInit                     0x08001521   Thumb Code    50  tim.o(i.HAL_TIM_Base_MspInit)
    HAL_TIM_Base_Start_IT                    0x0800155d   Thumb Code    76  stm32f1xx_hal_tim.o(i.HAL_TIM_Base_Start_IT)
    HAL_TIM_ConfigClockSource                0x080015b5   Thumb Code   214  stm32f1xx_hal_tim.o(i.HAL_TIM_ConfigClockSource)
    HAL_TIM_IC_CaptureCallback               0x0800168b   Thumb Code     2  stm32f1xx_hal_tim.o(i.HAL_TIM_IC_CaptureCallback)
    HAL_TIM_IRQHandler                       0x0800168d   Thumb Code   358  stm32f1xx_hal_tim.o(i.HAL_TIM_IRQHandler)
    HAL_TIM_OC_DelayElapsedCallback          0x080017f3   Thumb Code     2  stm32f1xx_hal_tim.o(i.HAL_TIM_OC_DelayElapsedCallback)
    HAL_TIM_PWM_PulseFinishedCallback        0x080017f5   Thumb Code     2  stm32f1xx_hal_tim.o(i.HAL_TIM_PWM_PulseFinishedCallback)
    HAL_TIM_PeriodElapsedCallback            0x080017f9   Thumb Code    10  main.o(i.HAL_TIM_PeriodElapsedCallback)
    HAL_TIM_TriggerCallback                  0x08001809   Thumb Code     2  stm32f1xx_hal_tim.o(i.HAL_TIM_TriggerCallback)
    HAL_UART_AbortReceiveCpltCallback        0x0800180b   Thumb Code     2  stm32f1xx_hal_uart.o(i.HAL_UART_AbortReceiveCpltCallback)
    HAL_UART_AbortReceive_IT                 0x0800180d   Thumb Code    88  stm32f1xx_hal_uart.o(i.HAL_UART_AbortReceive_IT)
    HAL_UART_Init                            0x08001869   Thumb Code    98  stm32f1xx_hal_uart.o(i.HAL_UART_Init)
    HAL_UART_MspInit                         0x080018cd   Thumb Code   116  usart.o(i.HAL_UART_MspInit)
    HAL_UART_Receive_IT                      0x0800194d   Thumb Code    82  stm32f1xx_hal_uart.o(i.HAL_UART_Receive_IT)
    HAL_UART_Transmit                        0x080019a1   Thumb Code   178  stm32f1xx_hal_uart.o(i.HAL_UART_Transmit)
    HardFault_Handler                        0x08001a53   Thumb Code     2  stm32f1xx_it.o(i.HardFault_Handler)
    MX_GPIO_Init                             0x08001a55   Thumb Code   154  gpio.o(i.MX_GPIO_Init)
    MX_SPI1_Init                             0x08001afd   Thumb Code    62  spi.o(i.MX_SPI1_Init)
    MX_TIM4_Init                             0x08001b45   Thumb Code    98  tim.o(i.MX_TIM4_Init)
    MX_USART1_UART_Init                      0x08001bb1   Thumb Code    48  usart.o(i.MX_USART1_UART_Init)
    MY_EPD_test                              0x08001be9   Thumb Code   160  main.o(i.MY_EPD_test)
    MemManage_Handler                        0x08001c91   Thumb Code     2  stm32f1xx_it.o(i.MemManage_Handler)
    NMI_Handler                              0x08001c93   Thumb Code     2  stm32f1xx_it.o(i.NMI_Handler)
    Paint_Clear                              0x08001c95   Thumb Code   158  gui_paint.o(i.Paint_Clear)
    Paint_DrawBitMapXY                       0x08001d39   Thumb Code    92  main.o(i.Paint_DrawBitMapXY)
    Paint_DrawChar                           0x08001d95   Thumb Code   176  gui_paint.o(i.Paint_DrawChar)
    Paint_DrawLine                           0x08001e89   Thumb Code   200  gui_paint.o(i.Paint_DrawLine)
    Paint_DrawNum                            0x08001f95   Thumb Code   140  gui_paint.o(i.Paint_DrawNum)
    Paint_DrawPoint                          0x08002065   Thumb Code   178  gui_paint.o(i.Paint_DrawPoint)
    Paint_DrawString_CN                      0x080021a9   Thumb Code   398  gui_paint.o(i.Paint_DrawString_CN)
    Paint_DrawString_EN                      0x0800233d   Thumb Code   116  gui_paint.o(i.Paint_DrawString_EN)
    Paint_DrawTime                           0x080023b9   Thumb Code   194  gui_paint.o(i.Paint_DrawTime)
    Paint_NewImage                           0x08002489   Thumb Code    56  gui_paint.o(i.Paint_NewImage)
    Paint_SelectImage                        0x080024c5   Thumb Code     6  gui_paint.o(i.Paint_SelectImage)
    Paint_SetPixel                           0x080024d1   Thumb Code   238  gui_paint.o(i.Paint_SetPixel)
    PendSV_Handler                           0x080025ed   Thumb Code     2  stm32f1xx_it.o(i.PendSV_Handler)
    SVC_Handler                              0x080026c9   Thumb Code     2  stm32f1xx_it.o(i.SVC_Handler)
    SysTick_Handler                          0x080026cb   Thumb Code     4  stm32f1xx_it.o(i.SysTick_Handler)
    SystemClock_Config                       0x080026cf   Thumb Code    94  main.o(i.SystemClock_Config)
    SystemInit                               0x0800272d   Thumb Code     2  system_stm32f1xx.o(i.SystemInit)
    TIM4_IRQHandler                          0x08002731   Thumb Code     6  stm32f1xx_it.o(i.TIM4_IRQHandler)
    TIM_Base_SetConfig                       0x0800273d   Thumb Code    94  stm32f1xx_hal_tim.o(i.TIM_Base_SetConfig)
    TIM_ETR_SetConfig                        0x080027a9   Thumb Code    20  stm32f1xx_hal_tim.o(i.TIM_ETR_SetConfig)
    USART1_IRQHandler                        0x08002945   Thumb Code    88  stm32f1xx_it.o(i.USART1_IRQHandler)
    UsageFault_Handler                       0x080029ad   Thumb Code     2  stm32f1xx_it.o(i.UsageFault_Handler)
    Weekday                                  0x080029b1   Thumb Code   166  epd_use.o(i.Weekday)
    __0printf$3                              0x08002a69   Thumb Code    22  printf3.o(i.__0printf$3)
    __1printf$3                              0x08002a69   Thumb Code     0  printf3.o(i.__0printf$3)
    __2printf                                0x08002a69   Thumb Code     0  printf3.o(i.__0printf$3)
    __scatterload_copy                       0x08002aa9   Thumb Code    14  handlers.o(i.__scatterload_copy)
    __scatterload_null                       0x08002ab7   Thumb Code     2  handlers.o(i.__scatterload_null)
    __scatterload_zeroinit                   0x08002ab9   Thumb Code    14  handlers.o(i.__scatterload_zeroinit)
    clear                                    0x08002c81   Thumb Code    62  main.o(i.clear)
    clear_rxBuffer                           0x08002cc1   Thumb Code    28  main.o(i.clear_rxBuffer)
    extractText                              0x08002d05   Thumb Code    92  main.o(i.extractText)
    extract_date_from_http                   0x08002dc5   Thumb Code    92  main.o(i.extract_date_from_http)
    extract_tempare                          0x08002e85   Thumb Code    92  main.o(i.extract_tempare)
    extract_update                           0x08002f51   Thumb Code    92  main.o(i.extract_update)
    fputc                                    0x0800301d   Thumb Code    20  main.o(i.fputc)
    main                                     0x08003035   Thumb Code   838  main.o(i.main)
    malloc                                   0x08003471   Thumb Code    92  malloc.o(i.malloc)
    processReceivedData                      0x080034dd   Thumb Code     8  main.o(i.processReceivedData)
    udelay                                   0x080034e9   Thumb Code    22  driver_dht11.o(i.udelay)
    AHBPrescTable                            0x08003504   Data          16  system_stm32f1xx.o(.constdata)
    APBPrescTable                            0x08003514   Data           8  system_stm32f1xx.o(.constdata)
    Font12CN_Table                           0x0800351c   Data        2988  font12cn.o(.constdata)
    Font16_Table                             0x080040c8   Data        3040  font16.o(.constdata)
    Font20_Table                             0x08004ca8   Data        3800  font20.o(.constdata)
    Font48_Table                             0x08005b80   Data        4032  font48.o(.constdata)
    EPD_2IN9_lut_full_update                 0x08006b6a   Data          30  epd_2in9_1.o(.constdata)
    EPD_2IN9_lut_partial_update              0x08006b88   Data          30  epd_2in9_1.o(.constdata)
    Region$$Table$$Base                      0x08006cbc   Number         0  anon$$obj.o(Region$$Table)
    Region$$Table$$Limit                     0x08006cdc   Number         0  anon$$obj.o(Region$$Table)
    rxIndex                                  0x20000000   Data           2  main.o(.data)
    Imagesize                                0x20000002   Data           2  main.o(.data)
    count                                    0x20000004   Data           4  main.o(.data)
    year                                     0x20000008   Data           4  main.o(.data)
    month                                    0x2000000c   Data           4  main.o(.data)
    day                                      0x20000010   Data           4  main.o(.data)
    hum                                      0x20000014   Data           4  main.o(.data)
    temp                                     0x20000018   Data           4  main.o(.data)
    gImage_hum                               0x2000001c   Data          60  main.o(.data)
    gImage_tem                               0x20000058   Data          60  main.o(.data)
    gImage_wifi                              0x20000094   Data          60  main.o(.data)
    gImage_wifi_disconnect                   0x200000d0   Data          60  main.o(.data)
    gImage_snow                              0x2000010c   Data         350  main.o(.data)
    uwTickFreq                               0x2000026c   Data           1  stm32f1xx_hal.o(.data)
    uwTickPrio                               0x20000270   Data           4  stm32f1xx_hal.o(.data)
    uwTick                                   0x20000274   Data           4  stm32f1xx_hal.o(.data)
    SystemCoreClock                          0x20000278   Data           4  system_stm32f1xx.o(.data)
    Font12CN                                 0x2000027c   Data          12  font12cn.o(.data)
    Font16                                   0x20000288   Data           8  font16.o(.data)
    Font20                                   0x20000290   Data           8  font20.o(.data)
    Font48                                   0x20000298   Data           8  font48.o(.data)
    BlackImage                               0x200002a0   Data           4  epd_use.o(.data)
    __stdout                                 0x200002a4   Data           4  stdout.o(.data)
    __microlib_freelist                      0x200002a8   Data           4  mvars.o(.data)
    __microlib_freelist_initialised          0x200002ac   Data           4  mvars.o(.data)
    rxBuffer                                 0x200002b0   Data        1024  main.o(.bss)
    text_result                              0x200006b0   Data         100  main.o(.bss)
    update_result                            0x20000714   Data         100  main.o(.bss)
    tem_result                               0x20000778   Data         100  main.o(.bss)
    real_time                                0x200007dc   Data         100  main.o(.bss)
    hspi1                                    0x20000840   Data          88  spi.o(.bss)
    htim4                                    0x20000898   Data          72  tim.o(.bss)
    huart1                                   0x200008e0   Data          64  usart.o(.bss)
    Paint                                    0x20000920   Data          24  gui_paint.o(.bss)
    __heap_base                              0x20000938   Data           0  startup_stm32f103xb.o(HEAP)
    __heap_limit                             0x20003d38   Data           0  startup_stm32f103xb.o(HEAP)
    __initial_sp                             0x20004d38   Data           0  startup_stm32f103xb.o(STACK)



==============================================================================

Memory Map of the image

  Image Entry point : 0x080000ed

  Load Region LR_IROM1 (Base: 0x08000000, Size: 0x00006f8c, Max: 0x00010000, ABSOLUTE, COMPRESSED[0x00006e3c])

    Execution Region ER_IROM1 (Exec base: 0x08000000, Load base: 0x08000000, Size: 0x00006cdc, Max: 0x00010000, ABSOLUTE)

    Exec Addr    Load Addr    Size         Type   Attr      Idx    E Section Name        Object

    0x08000000   0x08000000   0x000000ec   Data   RO            3    RESET               startup_stm32f103xb.o
    0x080000ec   0x080000ec   0x00000000   Code   RO         3726  * .ARM.Collect$$$$00000000  mc_w.l(entry.o)
    0x080000ec   0x080000ec   0x00000004   Code   RO         4048    .ARM.Collect$$$$00000001  mc_w.l(entry2.o)
    0x080000f0   0x080000f0   0x00000004   Code   RO         4051    .ARM.Collect$$$$00000004  mc_w.l(entry5.o)
    0x080000f4   0x080000f4   0x00000000   Code   RO         4053    .ARM.Collect$$$$00000008  mc_w.l(entry7b.o)
    0x080000f4   0x080000f4   0x00000000   Code   RO         4055    .ARM.Collect$$$$0000000A  mc_w.l(entry8b.o)
    0x080000f4   0x080000f4   0x00000008   Code   RO         4056    .ARM.Collect$$$$0000000B  mc_w.l(entry9a.o)
    0x080000fc   0x080000fc   0x00000000   Code   RO         4058    .ARM.Collect$$$$0000000D  mc_w.l(entry10a.o)
    0x080000fc   0x080000fc   0x00000000   Code   RO         4060    .ARM.Collect$$$$0000000F  mc_w.l(entry11a.o)
    0x080000fc   0x080000fc   0x00000004   Code   RO         4049    .ARM.Collect$$$$00002712  mc_w.l(entry2.o)
    0x08000100   0x08000100   0x00000024   Code   RO            4    .text               startup_stm32f103xb.o
    0x08000124   0x08000124   0x00000024   Code   RO         3731    .text               mc_w.l(memcpya.o)
    0x08000148   0x08000148   0x00000024   Code   RO         3733    .text               mc_w.l(memseta.o)
    0x0800016c   0x0800016c   0x00000024   Code   RO         3735    .text               mc_w.l(strstr.o)
    0x08000190   0x08000190   0x00000018   Code   RO         3737    .text               mc_w.l(strncpy.o)
    0x080001a8   0x080001a8   0x00000014   Code   RO         3739    .text               mc_w.l(strchr.o)
    0x080001bc   0x080001bc   0x0000000e   Code   RO         3741    .text               mc_w.l(strlen.o)
    0x080001ca   0x080001ca   0x0000001c   Code   RO         3743    .text               mc_w.l(strcmp.o)
    0x080001e6   0x080001e6   0x0000002c   Code   RO         4063    .text               mc_w.l(uidiv.o)
    0x08000212   0x08000212   0x00000002   PAD
    0x08000214   0x08000214   0x00000024   Code   RO         4086    .text               mc_w.l(init.o)
    0x08000238   0x08000238   0x00000056   Code   RO         4096    .text               mc_w.l(__dczerorl2.o)
    0x0800028e   0x0800028e   0x00000002   Code   RO          439    i.BusFault_Handler  stm32f1xx_it.o
    0x08000290   0x08000290   0x00000034   Code   RO         3478    i.DEV_Module_Init   dev_config.o
    0x080002c4   0x080002c4   0x00000018   Code   RO         3479    i.DEV_SPI_WriteByte  dev_config.o
    0x080002dc   0x080002dc   0x00000006   Code   RO         3670    i.DHT11_Init        driver_dht11.o
    0x080002e2   0x080002e2   0x00000002   PAD
    0x080002e4   0x080002e4   0x00000018   Code   RO         3671    i.DHT11_PinRead     driver_dht11.o
    0x080002fc   0x080002fc   0x00000018   Code   RO         3672    i.DHT11_PinSet      driver_dht11.o
    0x08000314   0x08000314   0x00000090   Code   RO         3673    i.DHT11_Read        driver_dht11.o
    0x080003a4   0x080003a4   0x00000046   Code   RO         3674    i.DHT11_ReadByte    driver_dht11.o
    0x080003ea   0x080003ea   0x00000024   Code   RO         3675    i.DHT11_WaitFor_Val  driver_dht11.o
    0x0800040e   0x0800040e   0x00000002   Code   RO          440    i.DebugMon_Handler  stm32f1xx_it.o
    0x08000410   0x08000410   0x00000046   Code   RO         3582    i.EPD_2IN9_Clear    epd_2in9_1.o
    0x08000456   0x08000456   0x00000002   PAD
    0x08000458   0x08000458   0x00000050   Code   RO         3583    i.EPD_2IN9_Display  epd_2in9_1.o
    0x080004a8   0x080004a8   0x000000f4   Code   RO         3584    i.EPD_2IN9_Init     epd_2in9_1.o
    0x0800059c   0x0800059c   0x00000064   Code   RO         3585    i.EPD_2IN9_ReadBusy  epd_2in9_1.o
    0x08000600   0x08000600   0x0000003c   Code   RO         3586    i.EPD_2IN9_Reset    epd_2in9_1.o
    0x0800063c   0x0800063c   0x00000034   Code   RO         3587    i.EPD_2IN9_SendCommand  epd_2in9_1.o
    0x08000670   0x08000670   0x00000034   Code   RO         3588    i.EPD_2IN9_SendData  epd_2in9_1.o
    0x080006a4   0x080006a4   0x0000002a   Code   RO         3589    i.EPD_2IN9_SetCursor  epd_2in9_1.o
    0x080006ce   0x080006ce   0x00000044   Code   RO         3590    i.EPD_2IN9_SetWindows  epd_2in9_1.o
    0x08000712   0x08000712   0x00000022   Code   RO         3592    i.EPD_2IN9_TurnOnDisplay  epd_2in9_1.o
    0x08000734   0x08000734   0x00000030   Code   RO           13    i.E_test            main.o
    0x08000764   0x08000764   0x00000004   Code   RO           14    i.Error_Handler     main.o
    0x08000768   0x08000768   0x00000160   Code   RO           15    i.Get_time          main.o
    0x080008c8   0x080008c8   0x00000098   Code   RO         1289    i.HAL_DMA_Abort_IT  stm32f1xx_hal_dma.o
    0x08000960   0x08000960   0x00000024   Code   RO          916    i.HAL_Delay         stm32f1xx_hal.o
    0x08000984   0x08000984   0x000001e0   Code   RO         1224    i.HAL_GPIO_Init     stm32f1xx_hal_gpio.o
    0x08000b64   0x08000b64   0x0000000a   Code   RO         1226    i.HAL_GPIO_ReadPin  stm32f1xx_hal_gpio.o
    0x08000b6e   0x08000b6e   0x0000000a   Code   RO         1228    i.HAL_GPIO_WritePin  stm32f1xx_hal_gpio.o
    0x08000b78   0x08000b78   0x0000000c   Code   RO          920    i.HAL_GetTick       stm32f1xx_hal.o
    0x08000b84   0x08000b84   0x00000010   Code   RO          926    i.HAL_IncTick       stm32f1xx_hal.o
    0x08000b94   0x08000b94   0x00000024   Code   RO          927    i.HAL_Init          stm32f1xx_hal.o
    0x08000bb8   0x08000bb8   0x00000040   Code   RO          928    i.HAL_InitTick      stm32f1xx_hal.o
    0x08000bf8   0x08000bf8   0x0000003c   Code   RO          527    i.HAL_MspInit       stm32f1xx_hal_msp.o
    0x08000c34   0x08000c34   0x0000001a   Code   RO         1384    i.HAL_NVIC_EnableIRQ  stm32f1xx_hal_cortex.o
    0x08000c4e   0x08000c4e   0x00000002   PAD
    0x08000c50   0x08000c50   0x00000040   Code   RO         1390    i.HAL_NVIC_SetPriority  stm32f1xx_hal_cortex.o
    0x08000c90   0x08000c90   0x00000024   Code   RO         1391    i.HAL_NVIC_SetPriorityGrouping  stm32f1xx_hal_cortex.o
    0x08000cb4   0x08000cb4   0x0000012c   Code   RO         1084    i.HAL_RCC_ClockConfig  stm32f1xx_hal_rcc.o
    0x08000de0   0x08000de0   0x0000000c   Code   RO         1089    i.HAL_RCC_GetHCLKFreq  stm32f1xx_hal_rcc.o
    0x08000dec   0x08000dec   0x00000020   Code   RO         1091    i.HAL_RCC_GetPCLK1Freq  stm32f1xx_hal_rcc.o
    0x08000e0c   0x08000e0c   0x00000020   Code   RO         1092    i.HAL_RCC_GetPCLK2Freq  stm32f1xx_hal_rcc.o
    0x08000e2c   0x08000e2c   0x0000006c   Code   RO         1093    i.HAL_RCC_GetSysClockFreq  stm32f1xx_hal_rcc.o
    0x08000e98   0x08000e98   0x00000320   Code   RO         1096    i.HAL_RCC_OscConfig  stm32f1xx_hal_rcc.o
    0x080011b8   0x080011b8   0x000000b2   Code   RO          598    i.HAL_SPI_Init      stm32f1xx_hal_spi.o
    0x0800126a   0x0800126a   0x00000002   PAD
    0x0800126c   0x0800126c   0x0000005c   Code   RO          314    i.HAL_SPI_MspInit   spi.o
    0x080012c8   0x080012c8   0x00000166   Code   RO          606    i.HAL_SPI_Transmit  stm32f1xx_hal_spi.o
    0x0800142e   0x0800142e   0x00000028   Code   RO         1395    i.HAL_SYSTICK_Config  stm32f1xx_hal_cortex.o
    0x08001456   0x08001456   0x00000002   Code   RO         2590    i.HAL_TIMEx_BreakCallback  stm32f1xx_hal_tim_ex.o
    0x08001458   0x08001458   0x00000002   Code   RO         2591    i.HAL_TIMEx_CommutCallback  stm32f1xx_hal_tim_ex.o
    0x0800145a   0x0800145a   0x00000002   PAD
    0x0800145c   0x0800145c   0x00000068   Code   RO         2609    i.HAL_TIMEx_MasterConfigSynchronization  stm32f1xx_hal_tim_ex.o
    0x080014c4   0x080014c4   0x0000005a   Code   RO         1886    i.HAL_TIM_Base_Init  stm32f1xx_hal_tim.o
    0x0800151e   0x0800151e   0x00000002   PAD
    0x08001520   0x08001520   0x0000003c   Code   RO          356    i.HAL_TIM_Base_MspInit  tim.o
    0x0800155c   0x0800155c   0x00000058   Code   RO         1891    i.HAL_TIM_Base_Start_IT  stm32f1xx_hal_tim.o
    0x080015b4   0x080015b4   0x000000d6   Code   RO         1895    i.HAL_TIM_ConfigClockSource  stm32f1xx_hal_tim.o
    0x0800168a   0x0800168a   0x00000002   Code   RO         1920    i.HAL_TIM_IC_CaptureCallback  stm32f1xx_hal_tim.o
    0x0800168c   0x0800168c   0x00000166   Code   RO         1934    i.HAL_TIM_IRQHandler  stm32f1xx_hal_tim.o
    0x080017f2   0x080017f2   0x00000002   Code   RO         1937    i.HAL_TIM_OC_DelayElapsedCallback  stm32f1xx_hal_tim.o
    0x080017f4   0x080017f4   0x00000002   Code   RO         1964    i.HAL_TIM_PWM_PulseFinishedCallback  stm32f1xx_hal_tim.o
    0x080017f6   0x080017f6   0x00000002   PAD
    0x080017f8   0x080017f8   0x00000010   Code   RO           16    i.HAL_TIM_PeriodElapsedCallback  main.o
    0x08001808   0x08001808   0x00000002   Code   RO         1977    i.HAL_TIM_TriggerCallback  stm32f1xx_hal_tim.o
    0x0800180a   0x0800180a   0x00000002   Code   RO         2868    i.HAL_UART_AbortReceiveCpltCallback  stm32f1xx_hal_uart.o
    0x0800180c   0x0800180c   0x0000005c   Code   RO         2869    i.HAL_UART_AbortReceive_IT  stm32f1xx_hal_uart.o
    0x08001868   0x08001868   0x00000062   Code   RO         2882    i.HAL_UART_Init     stm32f1xx_hal_uart.o
    0x080018ca   0x080018ca   0x00000002   PAD
    0x080018cc   0x080018cc   0x00000080   Code   RO          398    i.HAL_UART_MspInit  usart.o
    0x0800194c   0x0800194c   0x00000052   Code   RO         2887    i.HAL_UART_Receive_IT  stm32f1xx_hal_uart.o
    0x0800199e   0x0800199e   0x00000002   PAD
    0x080019a0   0x080019a0   0x000000b2   Code   RO         2890    i.HAL_UART_Transmit  stm32f1xx_hal_uart.o
    0x08001a52   0x08001a52   0x00000002   Code   RO          441    i.HardFault_Handler  stm32f1xx_it.o
    0x08001a54   0x08001a54   0x000000a8   Code   RO          289    i.MX_GPIO_Init      gpio.o
    0x08001afc   0x08001afc   0x00000048   Code   RO          315    i.MX_SPI1_Init      spi.o
    0x08001b44   0x08001b44   0x0000006c   Code   RO          357    i.MX_TIM4_Init      tim.o
    0x08001bb0   0x08001bb0   0x00000038   Code   RO          399    i.MX_USART1_UART_Init  usart.o
    0x08001be8   0x08001be8   0x000000a8   Code   RO           17    i.MY_EPD_test       main.o
    0x08001c90   0x08001c90   0x00000002   Code   RO          442    i.MemManage_Handler  stm32f1xx_it.o
    0x08001c92   0x08001c92   0x00000002   Code   RO          443    i.NMI_Handler       stm32f1xx_it.o
    0x08001c94   0x08001c94   0x000000a4   Code   RO         3216    i.Paint_Clear       gui_paint.o
    0x08001d38   0x08001d38   0x0000005c   Code   RO           18    i.Paint_DrawBitMapXY  main.o
    0x08001d94   0x08001d94   0x000000f4   Code   RO         3221    i.Paint_DrawChar    gui_paint.o
    0x08001e88   0x08001e88   0x0000010c   Code   RO         3223    i.Paint_DrawLine    gui_paint.o
    0x08001f94   0x08001f94   0x000000d0   Code   RO         3224    i.Paint_DrawNum     gui_paint.o
    0x08002064   0x08002064   0x00000144   Code   RO         3226    i.Paint_DrawPoint   gui_paint.o
    0x080021a8   0x080021a8   0x00000194   Code   RO         3228    i.Paint_DrawString_CN  gui_paint.o
    0x0800233c   0x0800233c   0x0000007c   Code   RO         3229    i.Paint_DrawString_EN  gui_paint.o
    0x080023b8   0x080023b8   0x000000d0   Code   RO         3230    i.Paint_DrawTime    gui_paint.o
    0x08002488   0x08002488   0x0000003c   Code   RO         3231    i.Paint_NewImage    gui_paint.o
    0x080024c4   0x080024c4   0x0000000c   Code   RO         3232    i.Paint_SelectImage  gui_paint.o
    0x080024d0   0x080024d0   0x0000011c   Code   RO         3234    i.Paint_SetPixel    gui_paint.o
    0x080025ec   0x080025ec   0x00000002   Code   RO          444    i.PendSV_Handler    stm32f1xx_it.o
    0x080025ee   0x080025ee   0x00000020   Code   RO          636    i.SPI_EndRxTxTransaction  stm32f1xx_hal_spi.o
    0x0800260e   0x0800260e   0x00000002   PAD
    0x08002610   0x08002610   0x000000b8   Code   RO          641    i.SPI_WaitFlagStateUntilTimeout  stm32f1xx_hal_spi.o
    0x080026c8   0x080026c8   0x00000002   Code   RO          445    i.SVC_Handler       stm32f1xx_it.o
    0x080026ca   0x080026ca   0x00000004   Code   RO          446    i.SysTick_Handler   stm32f1xx_it.o
    0x080026ce   0x080026ce   0x0000005e   Code   RO           19    i.SystemClock_Config  main.o
    0x0800272c   0x0800272c   0x00000002   Code   RO         3179    i.SystemInit        system_stm32f1xx.o
    0x0800272e   0x0800272e   0x00000002   PAD
    0x08002730   0x08002730   0x0000000c   Code   RO          447    i.TIM4_IRQHandler   stm32f1xx_it.o
    0x0800273c   0x0800273c   0x0000006c   Code   RO         1979    i.TIM_Base_SetConfig  stm32f1xx_hal_tim.o
    0x080027a8   0x080027a8   0x00000014   Code   RO         1990    i.TIM_ETR_SetConfig  stm32f1xx_hal_tim.o
    0x080027bc   0x080027bc   0x00000010   Code   RO         1991    i.TIM_ITRx_SetConfig  stm32f1xx_hal_tim.o
    0x080027cc   0x080027cc   0x00000022   Code   RO         1997    i.TIM_TI1_ConfigInputStage  stm32f1xx_hal_tim.o
    0x080027ee   0x080027ee   0x00000024   Code   RO         1999    i.TIM_TI2_ConfigInputStage  stm32f1xx_hal_tim.o
    0x08002812   0x08002812   0x00000014   Code   RO         2900    i.UART_DMARxOnlyAbortCallback  stm32f1xx_hal_uart.o
    0x08002826   0x08002826   0x00000002   PAD
    0x08002828   0x08002828   0x000000b8   Code   RO         2908    i.UART_SetConfig    stm32f1xx_hal_uart.o
    0x080028e0   0x080028e0   0x00000064   Code   RO         2909    i.UART_WaitOnFlagUntilTimeout  stm32f1xx_hal_uart.o
    0x08002944   0x08002944   0x00000068   Code   RO          448    i.USART1_IRQHandler  stm32f1xx_it.o
    0x080029ac   0x080029ac   0x00000002   Code   RO          449    i.UsageFault_Handler  stm32f1xx_it.o
    0x080029ae   0x080029ae   0x00000002   PAD
    0x080029b0   0x080029b0   0x000000b8   Code   RO         3540    i.Weekday           epd_use.o
    0x08002a68   0x08002a68   0x00000020   Code   RO         3836    i.__0printf$3       mc_w.l(printf3.o)
    0x08002a88   0x08002a88   0x00000020   Code   RO         1397    i.__NVIC_SetPriority  stm32f1xx_hal_cortex.o
    0x08002aa8   0x08002aa8   0x0000000e   Code   RO         4090    i.__scatterload_copy  mc_w.l(handlers.o)
    0x08002ab6   0x08002ab6   0x00000002   Code   RO         4091    i.__scatterload_null  mc_w.l(handlers.o)
    0x08002ab8   0x08002ab8   0x0000000e   Code   RO         4092    i.__scatterload_zeroinit  mc_w.l(handlers.o)
    0x08002ac6   0x08002ac6   0x00000002   PAD
    0x08002ac8   0x08002ac8   0x000001b8   Code   RO         3843    i._printf_core      mc_w.l(printf3.o)
    0x08002c80   0x08002c80   0x0000003e   Code   RO           20    i.clear             main.o
    0x08002cbe   0x08002cbe   0x00000002   PAD
    0x08002cc0   0x08002cc0   0x00000044   Code   RO           21    i.clear_rxBuffer    main.o
    0x08002d04   0x08002d04   0x000000c0   Code   RO           22    i.extractText       main.o
    0x08002dc4   0x08002dc4   0x000000c0   Code   RO           23    i.extract_date_from_http  main.o
    0x08002e84   0x08002e84   0x000000cc   Code   RO           25    i.extract_tempare   main.o
    0x08002f50   0x08002f50   0x000000cc   Code   RO           26    i.extract_update    main.o
    0x0800301c   0x0800301c   0x00000018   Code   RO           27    i.fputc             main.o
    0x08003034   0x08003034   0x0000043c   Code   RO           28    i.main              main.o
    0x08003470   0x08003470   0x0000006c   Code   RO         4009    i.malloc            mc_w.l(malloc.o)
    0x080034dc   0x080034dc   0x0000000c   Code   RO           29    i.processReceivedData  main.o
    0x080034e8   0x080034e8   0x0000001c   Code   RO         3676    i.udelay            driver_dht11.o
    0x08003504   0x08003504   0x00000010   Data   RO         3180    .constdata          system_stm32f1xx.o
    0x08003514   0x08003514   0x00000008   Data   RO         3181    .constdata          system_stm32f1xx.o
    0x0800351c   0x0800351c   0x00000bac   Data   RO         3401    .constdata          font12cn.o
    0x080040c8   0x080040c8   0x00000be0   Data   RO         3415    .constdata          font16.o
    0x08004ca8   0x08004ca8   0x00000ed8   Data   RO         3429    .constdata          font20.o
    0x08005b80   0x08005b80   0x00000fc0   Data   RO         3460    .constdata          font48.o
    0x08006b40   0x08006b40   0x0000002a   Data   RO         3541    .constdata          epd_use.o
    0x08006b6a   0x08006b6a   0x0000003c   Data   RO         3593    .constdata          epd_2in9_1.o
    0x08006ba6   0x08006ba6   0x00000002   PAD
    0x08006ba8   0x08006ba8   0x000000ce   Data   RO           31    .conststring        main.o
    0x08006c76   0x08006c76   0x00000002   PAD
    0x08006c78   0x08006c78   0x00000044   Data   RO         3238    .conststring        gui_paint.o
    0x08006cbc   0x08006cbc   0x00000020   Data   RO         4088    Region$$Table       anon$$obj.o


    Execution Region RW_IRAM1 (Exec base: 0x20000000, Load base: 0x08006cdc, Size: 0x00004d38, Max: 0x00005000, ABSOLUTE, COMPRESSED[0x00000160])

    Exec Addr    Load Addr    Size         Type   Attr      Idx    E Section Name        Object

    0x20000000   COMPRESSED   0x0000026a   Data   RW           32    .data               main.o
    0x2000026a   COMPRESSED   0x00000002   PAD
    0x2000026c   COMPRESSED   0x0000000c   Data   RW          934    .data               stm32f1xx_hal.o
    0x20000278   COMPRESSED   0x00000004   Data   RW         3182    .data               system_stm32f1xx.o
    0x2000027c   COMPRESSED   0x0000000c   Data   RW         3402    .data               font12cn.o
    0x20000288   COMPRESSED   0x00000008   Data   RW         3416    .data               font16.o
    0x20000290   COMPRESSED   0x00000008   Data   RW         3430    .data               font20.o
    0x20000298   COMPRESSED   0x00000008   Data   RW         3461    .data               font48.o
    0x200002a0   COMPRESSED   0x00000004   Data   RW         3542    .data               epd_use.o
    0x200002a4   COMPRESSED   0x00000004   Data   RW         4062    .data               mc_w.l(stdout.o)
    0x200002a8   COMPRESSED   0x00000004   Data   RW         4071    .data               mc_w.l(mvars.o)
    0x200002ac   COMPRESSED   0x00000004   Data   RW         4072    .data               mc_w.l(mvars.o)
    0x200002b0        -       0x00000590   Zero   RW           30    .bss                main.o
    0x20000840        -       0x00000058   Zero   RW          316    .bss                spi.o
    0x20000898        -       0x00000048   Zero   RW          358    .bss                tim.o
    0x200008e0        -       0x00000040   Zero   RW          400    .bss                usart.o
    0x20000920        -       0x00000018   Zero   RW         3237    .bss                gui_paint.o
    0x20000938        -       0x00003400   Zero   RW            2    HEAP                startup_stm32f103xb.o
    0x20003d38        -       0x00001000   Zero   RW            1    STACK               startup_stm32f103xb.o


==============================================================================

Image component sizes


      Code (inc. data)   RO Data    RW Data    ZI Data      Debug   Object Name

        76         10          0          0          0        974   dev_config.o
       332         24          0          0          0       4731   driver_dht11.o
       802        140         60          0          0       6639   epd_2in9_1.o
       184         18         42          4          0       1227   epd_use.o
         0          0       2988         12          0       1333   font12cn.o
         0          0       3040          8          0       1327   font16.o
         0          0       3800          8          0       1327   font20.o
         0          0       4032          8          0       1327   font48.o
       168         14          0          0          0        899   gpio.o
      2300        440         68          0         24      14111   gui_paint.o
      2816        916        206        618       1424     445695   main.o
       164         24          0          0         88       1573   spi.o
        36          8        236          0      17408        796   startup_stm32f103xb.o
       164         28          0         12          0       5849   stm32f1xx_hal.o
       198         14          0          0          0      28899   stm32f1xx_hal_cortex.o
       152          4          0          0          0       1087   stm32f1xx_hal_dma.o
       500         34          0          0          0       3487   stm32f1xx_hal_gpio.o
        60          8          0          0          0        838   stm32f1xx_hal_msp.o
      1284        106          0          0          0       5600   stm32f1xx_hal_rcc.o
       752          4          0          0          0       4366   stm32f1xx_hal_spi.o
       972         26          0          0          0       9561   stm32f1xx_hal_tim.o
       108         12          0          0          0       2345   stm32f1xx_hal_tim_ex.o
       756         10          0          0          0       6481   stm32f1xx_hal_uart.o
       136         22          0          0          0       4740   stm32f1xx_it.o
         2          0         24          4          0       1075   system_stm32f1xx.o
       168         20          0          0         72       1602   tim.o
       184         20          0          0         64       1614   usart.o

    ----------------------------------------------------------------------
     12342       1902      14532        676      19080     559503   Object Totals
         0          0         32          0          0          0   (incl. Generated)
        28          0          4          2          0          0   (incl. Padding)

    ----------------------------------------------------------------------

      Code (inc. data)   RO Data    RW Data    ZI Data      Debug   Library Member Name

        86          0          0          0          0          0   __dczerorl2.o
         0          0          0          0          0          0   entry.o
         0          0          0          0          0          0   entry10a.o
         0          0          0          0          0          0   entry11a.o
         8          4          0          0          0          0   entry2.o
         4          0          0          0          0          0   entry5.o
         0          0          0          0          0          0   entry7b.o
         0          0          0          0          0          0   entry8b.o
         8          4          0          0          0          0   entry9a.o
        30          0          0          0          0          0   handlers.o
        36          8          0          0          0         68   init.o
       108         16          0          0          0         84   malloc.o
        36          0          0          0          0         68   memcpya.o
        36          0          0          0          0        108   memseta.o
         0          0          0          8          0          0   mvars.o
       472         14          0          0          0        184   printf3.o
         0          0          0          4          0          0   stdout.o
        20          0          0          0          0         68   strchr.o
        28          0          0          0          0         76   strcmp.o
        14          0          0          0          0         68   strlen.o
        24          0          0          0          0         76   strncpy.o
        36          0          0          0          0         80   strstr.o
        44          0          0          0          0         80   uidiv.o

    ----------------------------------------------------------------------
       994         46          0         12          0        960   Library Totals
         4          0          0          0          0          0   (incl. Padding)

    ----------------------------------------------------------------------

      Code (inc. data)   RO Data    RW Data    ZI Data      Debug   Library Name

       990         46          0         12          0        960   mc_w.l

    ----------------------------------------------------------------------
       994         46          0         12          0        960   Library Totals

    ----------------------------------------------------------------------

==============================================================================


      Code (inc. data)   RO Data    RW Data    ZI Data      Debug   

     13336       1948      14532        688      19080     554507   Grand Totals
     13336       1948      14532        352      19080     554507   ELF Image Totals (compressed)
     13336       1948      14532        352          0          0   ROM Totals

==============================================================================

    Total RO  Size (Code + RO Data)                27868 (  27.21kB)
    Total RW  Size (RW Data + ZI Data)             19768 (  19.30kB)
    Total ROM Size (Code + RO Data + RW Data)      28220 (  27.56kB)

==============================================================================

